******************************************************************************
                  TI ARM Linker PC v20.2.4                     
******************************************************************************
>> Linked Tue Apr 27 00:02:55 2021

OUTPUT FILE NAME:   <SLIP_Echo.out>
ENTRY POINT SYMBOL: "_c_int00"  address: 0000687c


MEMORY CONFIGURATION

         name            origin    length      used     unused   attr    fill
----------------------  --------  ---------  --------  --------  ----  --------
  VECTORS               00000000   00000020  00000020  00000000     X
  FLASH0                00000020   0013ffe0  000074d8  00138b08  R  X
  STACKS                08000000   00001500  00000000  00001500  RW  
  RAM                   08001500   0002eb00  0000012c  0002e9d4  RW  


SEGMENT ALLOCATION MAP

run origin  load origin   length   init length attrs members
----------  ----------- ---------- ----------- ----- -------
00000000    00000000    000074f8   000074f8    r-x
  00000000    00000000    00000020   00000020    r-x .intvecs
  00000020    00000020    000072a8   000072a8    r-x .text
  000072c8    000072c8    00000200   00000200    r-- .const
  000074c8    000074c8    00000030   00000030    r-- .cinit
08001500    08001500    0000012c   00000000    rw-
  08001500    08001500    0000012a   00000000    rw- .bss
  0800162a    0800162a    00000002   00000000    rw- .data


SECTION ALLOCATION MAP

 output                                  attributes/
section   page    origin      length       input sections
--------  ----  ----------  ----------   ----------------
.intvecs   0    00000000    00000020     
                  00000000    00000020     sys_intvecs.obj (.intvecs)

.text      0    00000020    000072a8     
                  00000020    00002cdc     sys_selftest.obj (.text)
                  00002cfc    00000b64     system.obj (.text)
                  00003860    00000a54     sys_vim.obj (.text)
                  000042b4    000008b4     pinmux.obj (.text)
                  00004b68    000007b8     sci.obj (.text)
                  00005320    00000664     errata_SSWF021_45.obj (.text)
                  00005984    000005bc     esm.obj (.text)
                  00005f40    0000034c     sys_core.obj (.text)
                  0000628c    00000324     sys_main.obj (.text)
                  000065b0    000002cc     sys_vim.obj (.text:retain)
                  0000687c    00000288     sys_startup.obj (.text:retain)
                  00006b04    00000204     sci.obj (.text:retain)
                  00006d08    00000114     esm.obj (.text:retain)
                  00006e1c    000000e8     dabort.obj (.text)
                  00006f04    000000e0     rtsv7R4_T_le_v3D16_eabi.lib : s_floor.c.obj (.text:floor)
                  00006fe4    000000e0     sys_pmu.obj (.text)
                  000070c4    0000009c     rtsv7R4_T_le_v3D16_eabi.lib : memcpy_t2.asm.obj (.text)
                  00007160    00000080     notification.obj (.text)
                  000071e0    0000006c     rtsv7R4_T_le_v3D16_eabi.lib : copy_decompress_lzss.c.obj (.text:decompress:lzss:__TI_decompress_lzss)
                  0000724c    00000044                                 : autoinit.c.obj (.text:__TI_auto_init_nobinit_nopinit:__TI_auto_init_nobinit_nopinit)
                  00007290    0000001c                                 : copy_zero_init.c.obj (.text:decompress:ZI:__TI_zero_init_nomemset:__TI_zero_init_nomemset)
                  000072ac    0000000e                                 : copy_decompress_none.c.obj (.text:decompress:none:__TI_decompress_none)
                  000072ba    00000004                                 : exit.c.obj (.text:abort:abort)
                  000072be    00000002     --HOLE-- [fill = 0]
                  000072c0    00000004     sys_phantom.obj (.text:retain)
                  000072c4    00000004     sys_startup.obj (.text)

.const     0    000072c8    00000200     
                  000072c8    00000200     sys_vim.obj (.const:s_vim_init)

.cinit     0    000074c8    00000030     
                  000074c8    0000000c     (__TI_handler_table)
                  000074d4    00000004     --HOLE-- [fill = 0]
                  000074d8    00000008     (.cinit..bss.load) [load image, compression = zero_init]
                  000074e0    00000006     (.cinit..data.load) [load image, compression = lzss]
                  000074e6    00000002     --HOLE-- [fill = 0]
                  000074e8    00000010     (__TI_cinit_table)

.bss       0    08001500    0000012a     UNINITIALIZED
                  08001500    00000100     (.common:Buff)
                  08001600    00000028     sci.obj (.bss:g_sciTransfer_t)
                  08001628    00000001     (.common:data)
                  08001629    00000001     (.common:escapeFlag)

.data      0    0800162a    00000002     UNINITIALIZED
                  0800162a    00000002     sys_main.obj (.data)

__llvm_prf_cnts 
*          0    08001500    00000000     UNINITIALIZED

MODULE SUMMARY

       Module                       code    ro data   rw data
       ------                       ----    -------   -------
    .\source\
       sys_selftest.obj             11484   0         0      
       sys_vim.obj                  3360    512       0      
       system.obj                   2916    0         0      
       sci.obj                      2492    0         40     
       pinmux.obj                   2228    0         0      
       esm.obj                      1744    0         0      
       errata_SSWF021_45.obj        1636    0         0      
       sys_main.obj                 804     0         260    
       sys_core.obj                 844     0         0      
       sys_startup.obj              652     0         0      
       dabort.obj                   232     0         0      
       sys_pmu.obj                  224     0         0      
       notification.obj             128     0         0      
       sys_intvecs.obj              32      0         0      
       sys_phantom.obj              4       0         0      
    +--+----------------------------+-------+---------+---------+
       Total:                       28780   512       300    
                                                             
    C:/ti/ccs1000/ccs/tools/compiler/ti-cgt-arm_20.2.4.LTS/lib/rtsv7R4_T_le_v3D16_eabi.lib
       s_floor.c.obj                224     0         0      
       memcpy_t2.asm.obj            156     0         0      
       copy_decompress_lzss.c.obj   108     0         0      
       autoinit.c.obj               68      0         0      
       copy_zero_init.c.obj         28      0         0      
       copy_decompress_none.c.obj   14      0         0      
       exit.c.obj                   4       0         0      
    +--+----------------------------+-------+---------+---------+
       Total:                       602     0         0      
                                                             
       Linker Generated:            0       42        0      
    +--+----------------------------+-------+---------+---------+
       Grand Total:                 29382   554       300    


LINKER GENERATED COPY TABLES

__TI_cinit_table @ 000074e8 records: 2, size/record: 8, table size: 16
	.bss: load addr=000074d8, load size=00000008 bytes, run addr=08001500, run size=0000012a bytes, compression=zero_init
	.data: load addr=000074e0, load size=00000006 bytes, run addr=0800162a, run size=00000002 bytes, compression=lzss


LINKER GENERATED HANDLER TABLE

__TI_handler_table @ 000074c8 records: 3, size/record: 4, table size: 12
	index: 0, handler: __TI_zero_init
	index: 1, handler: __TI_decompress_lzss
	index: 2, handler: __TI_decompress_none


GLOBAL SYMBOLS: SORTED ALPHABETICALLY BY Name 

address   name                                
-------   ----                                
08001500  Buff                                
000072bb  C$$EXIT                             
UNDEFED   SHT$$INIT_ARRAY$$Base               
UNDEFED   SHT$$INIT_ARRAY$$Limit              
000062bc  SLIP_Read                           
000063f8  SLIP_Write                          
000074e8  __TI_CINIT_Base                     
000074f8  __TI_CINIT_Limit                    
000074c8  __TI_Handler_Table_Base             
000074d4  __TI_Handler_Table_Limit            
00006284  __TI_PINIT_Base                     
00006288  __TI_PINIT_Limit                    
0000724d  __TI_auto_init_nobinit_nopinit      
000071e1  __TI_decompress_lzss                
000072ad  __TI_decompress_none                
ffffffff  __TI_pprof_out_hndl                 
ffffffff  __TI_prof_data_size                 
ffffffff  __TI_prof_data_start                
00000000  __TI_static_base__                  
00007291  __TI_zero_init_nomemset             
000070c5  __aeabi_memcpy                      
000070c5  __aeabi_memcpy4                     
000070c5  __aeabi_memcpy8                     
ffffffff  __binit__                           
ffffffff  __c_args__                          
08001500  __start___llvm_prf_cnts             
08001500  __stop___llvm_prf_cnts              
0000687c  _c_int00                            
0000619c  _coreClearAuxiliaryDataFault_       
000061b0  _coreClearAuxiliaryInstructionFault_
00006174  _coreClearDataFaultAddress_         
0000614c  _coreClearDataFault_                
00006188  _coreClearInstructionFaultAddress_  
00006160  _coreClearInstructionFault_         
000060e0  _coreDisableEventBusExport_         
00006124  _coreDisableFlashEcc_               
00006100  _coreDisableRamEcc_                 
000060d0  _coreEnableEventBusExport_          
00006110  _coreEnableFlashEcc_                
00006134  _coreEnableIrqVicOffset_            
000060f0  _coreEnableRamEcc_                  
000060b8  _coreEnableVfp_                     
00006194  _coreGetAuxiliaryDataFault_         
000061a8  _coreGetAuxiliaryInstructionFault_  
0000616c  _coreGetDataFaultAddress_           
00006144  _coreGetDataFault_                  
00006180  _coreGetInstructionFaultAddress_    
00006158  _coreGetInstructionFault_           
00005f40  _coreInitRegisters_                 
0000604c  _coreInitStackPointer_              
00006e1c  _dabort                             
000061c4  _disable_FIQ_interrupt_             
000061cc  _disable_IRQ_interrupt_             
000061bc  _disable_interrupt_                 
000061d4  _enable_interrupt_                  
00006264  _errata_CORTEXR4_57_                
00006274  _errata_CORTEXR4_66_                
00005320  _errata_SSWF021_45_both_plls        
00005514  _errata_SSWF021_45_pll1             
0000568c  _errata_SSWF021_45_pll2             
000061dc  _esmCcmErrorsClear_                 
00006098  _getCPSRValue_                      
000060a0  _gotoCPUIdle_                       
00007040  _pmuDisableCountersGlobal_          
00007030  _pmuEnableCountersGlobal_           
0000709c  _pmuGetCycleCount_                  
000070a4  _pmuGetEventCount_                  
000070b0  _pmuGetOverflow_                    
00006fe4  _pmuInit_                           
00007070  _pmuResetCounters_                  
00007050  _pmuResetCycleCounter_              
00007060  _pmuResetEventCounters_             
00007090  _pmuSetCountEvent_                  
00007080  _pmuStartCounters_                  
00007088  _pmuStopCounters_                   
UNDEFED   _system_post_cinit                  
000072bb  abort                               
0000126c  adc1ParityCheck                     
00001358  adc2ParityCheck                     
ffffffff  binit                               
00001410  can1ParityCheck                     
000014e8  can2ParityCheck                     
000015b0  can3ParityCheck                     
00000030  ccmSelfCheck                        
000026fc  ccmr4GetConfigValue                 
00000938  checkB0RAMECC                       
00000b28  checkB1RAMECC                       
00001c18  checkClockMonitor                   
00000d18  checkFlashECC                       
00001cf4  checkFlashEEPROMECC                 
00001e8c  checkPLL1Slip                       
00001f8c  checkPLL2Slip                       
00002050  checkRAMAddrParity                  
000019d0  checkRAMECC                         
0000215c  checkRAMUERRTest                    
000007bc  checkefcSelfTest                    
00000234  cpuSelfTest                         
00000dfc  cpuSelfTestFail                     
00003784  customTrimLPO                       
00000df4  custom_dabort                       
08001628  data                                
00002b58  disableParity                       
000071cc  dmaGroupANotification               
00000eac  dmaParityCheck                      
00000660  efcCheck                            
00002660  efcGetConfigValue                   
00000794  efcSelfTest                         
000006e8  efcStuckZeroTest                    
00002ad0  enableParity                        
0000276c  errata_PBIST_4                      
08001629  escapeFlag                          
00005b08  esmActivateNormalOperation          
00005bdc  esmClearStatus                      
00005c1c  esmClearStatusBuffer                
00005ad0  esmDisableError                     
00005b40  esmDisableInterrupt                 
00005aa8  esmEnableError                      
00005b18  esmEnableInterrupt                  
00005d14  esmEnterSelfTest                    
00005a8c  esmError                            
00005dec  esmGetConfigValue                   
00005c58  esmGetStatus                        
00005cdc  esmGetStatusBuffer                  
00006568  esmGroup1Notification               
00006578  esmGroup2Notification               
00006d08  esmHighInterrupt                    
00005984  esmInit                             
00005d9c  esmSelfTestStatus                   
00005c38  esmSetCounterPreloadValue           
00005b68  esmSetInterruptLevel                
00005af8  esmTriggerErrorPinReset             
00006f05  floor                               
00006f05  floorl                              
000022c4  fmcBus1ParityCheck                  
0000085c  fmcBus2Check                        
00000898  fmcECCcheck                         
000072c4  handlePLLLockFail                   
00000f58  het1ParityCheck                     
000010c0  het2ParityCheck                     
00001004  htu1ParityCheck                     
000011bc  htu2ParityCheck                     
0800162a  index                               
00006b04  linHighLevelInterrupt               
0000628c  main                                
00002e64  mapClocks                           
000070c5  memcpy                              
00000174  memoryInit                          
00007180  memoryPort0TestFailNotification     
0000719c  memoryPort1TestFailNotification     
00001684  mibspi1ParityCheck                  
0000178c  mibspi3ParityCheck                  
000018b0  mibspi5ParityCheck                  
000042b4  muxInit                             
000023ec  pbistFail                           
00002470  pbistGetConfigValue                 
000005a8  pbistIsTestCompleted                
000005d4  pbistIsTestPassed                   
00000608  pbistPortTestStatus                 
000004ac  pbistRun                            
000002cc  pbistSelfCheck                      
00000578  pbistStop                           
00002e10  periphInit                          
000072c0  phantomInterrupt                    
00004768  pinmuxGetConfigValue                
00000000  resetEntry                          
00005030  sciDisableLoopback                  
000050bc  sciDisableNotification              
00004ffc  sciEnableLoopback                   
00005054  sciEnableNotification               
00005124  sciEnterResetState                  
00005144  sciExitResetState                   
00004b68  sciInit                             
00004eac  sciIsIdleDetected                   
00004e90  sciIsRxReady                        
00004d10  sciIsTxReady                        
00006520  sciNotification                     
00004f24  sciReceive                          
00004ef8  sciReceiveByte                      
00004ec8  sciRxError                          
00004d5c  sciSend                             
00004d2c  sciSendByte                         
00004c74  sciSetBaudrate                      
00004c54  sciSetFunctional                    
00005164  scilinGetConfigValue                
00000020  selftestFailNotification            
00002dd0  setupFlash                          
00002cfc  setupPLL                            
0800162b  size                                
00003648  sramGetConfigValue                  
000025bc  stcGetConfigValue                   
000001b8  stcSelfCheck                        
00000df8  stcSelfCheckFail                    
00003088  systemGetConfigValue                
00002f8c  systemInit                          
00003058  systemPowerDown                     
0000349c  tcmflashGetConfigValue              
00002d5c  trimLPO                             
00003934  vimChannelMap                       
00003ba0  vimDisableInterrupt                 
000039d8  vimEnableInterrupt                  
00003c4c  vimGetConfigValue                   
00003860  vimInit                             
00000e00  vimParityCheck                      
000065b0  vimParityErrorHandler               


GLOBAL SYMBOLS: SORTED BY Symbol Address 

address   name                                
-------   ----                                
00000000  __TI_static_base__                  
00000000  resetEntry                          
00000020  selftestFailNotification            
00000030  ccmSelfCheck                        
00000174  memoryInit                          
000001b8  stcSelfCheck                        
00000234  cpuSelfTest                         
000002cc  pbistSelfCheck                      
000004ac  pbistRun                            
00000578  pbistStop                           
000005a8  pbistIsTestCompleted                
000005d4  pbistIsTestPassed                   
00000608  pbistPortTestStatus                 
00000660  efcCheck                            
000006e8  efcStuckZeroTest                    
00000794  efcSelfTest                         
000007bc  checkefcSelfTest                    
0000085c  fmcBus2Check                        
00000898  fmcECCcheck                         
00000938  checkB0RAMECC                       
00000b28  checkB1RAMECC                       
00000d18  checkFlashECC                       
00000df4  custom_dabort                       
00000df8  stcSelfCheckFail                    
00000dfc  cpuSelfTestFail                     
00000e00  vimParityCheck                      
00000eac  dmaParityCheck                      
00000f58  het1ParityCheck                     
00001004  htu1ParityCheck                     
000010c0  het2ParityCheck                     
000011bc  htu2ParityCheck                     
0000126c  adc1ParityCheck                     
00001358  adc2ParityCheck                     
00001410  can1ParityCheck                     
000014e8  can2ParityCheck                     
000015b0  can3ParityCheck                     
00001684  mibspi1ParityCheck                  
0000178c  mibspi3ParityCheck                  
000018b0  mibspi5ParityCheck                  
000019d0  checkRAMECC                         
00001c18  checkClockMonitor                   
00001cf4  checkFlashEEPROMECC                 
00001e8c  checkPLL1Slip                       
00001f8c  checkPLL2Slip                       
00002050  checkRAMAddrParity                  
0000215c  checkRAMUERRTest                    
000022c4  fmcBus1ParityCheck                  
000023ec  pbistFail                           
00002470  pbistGetConfigValue                 
000025bc  stcGetConfigValue                   
00002660  efcGetConfigValue                   
000026fc  ccmr4GetConfigValue                 
0000276c  errata_PBIST_4                      
00002ad0  enableParity                        
00002b58  disableParity                       
00002cfc  setupPLL                            
00002d5c  trimLPO                             
00002dd0  setupFlash                          
00002e10  periphInit                          
00002e64  mapClocks                           
00002f8c  systemInit                          
00003058  systemPowerDown                     
00003088  systemGetConfigValue                
0000349c  tcmflashGetConfigValue              
00003648  sramGetConfigValue                  
00003784  customTrimLPO                       
00003860  vimInit                             
00003934  vimChannelMap                       
000039d8  vimEnableInterrupt                  
00003ba0  vimDisableInterrupt                 
00003c4c  vimGetConfigValue                   
000042b4  muxInit                             
00004768  pinmuxGetConfigValue                
00004b68  sciInit                             
00004c54  sciSetFunctional                    
00004c74  sciSetBaudrate                      
00004d10  sciIsTxReady                        
00004d2c  sciSendByte                         
00004d5c  sciSend                             
00004e90  sciIsRxReady                        
00004eac  sciIsIdleDetected                   
00004ec8  sciRxError                          
00004ef8  sciReceiveByte                      
00004f24  sciReceive                          
00004ffc  sciEnableLoopback                   
00005030  sciDisableLoopback                  
00005054  sciEnableNotification               
000050bc  sciDisableNotification              
00005124  sciEnterResetState                  
00005144  sciExitResetState                   
00005164  scilinGetConfigValue                
00005320  _errata_SSWF021_45_both_plls        
00005514  _errata_SSWF021_45_pll1             
0000568c  _errata_SSWF021_45_pll2             
00005984  esmInit                             
00005a8c  esmError                            
00005aa8  esmEnableError                      
00005ad0  esmDisableError                     
00005af8  esmTriggerErrorPinReset             
00005b08  esmActivateNormalOperation          
00005b18  esmEnableInterrupt                  
00005b40  esmDisableInterrupt                 
00005b68  esmSetInterruptLevel                
00005bdc  esmClearStatus                      
00005c1c  esmClearStatusBuffer                
00005c38  esmSetCounterPreloadValue           
00005c58  esmGetStatus                        
00005cdc  esmGetStatusBuffer                  
00005d14  esmEnterSelfTest                    
00005d9c  esmSelfTestStatus                   
00005dec  esmGetConfigValue                   
00005f40  _coreInitRegisters_                 
0000604c  _coreInitStackPointer_              
00006098  _getCPSRValue_                      
000060a0  _gotoCPUIdle_                       
000060b8  _coreEnableVfp_                     
000060d0  _coreEnableEventBusExport_          
000060e0  _coreDisableEventBusExport_         
000060f0  _coreEnableRamEcc_                  
00006100  _coreDisableRamEcc_                 
00006110  _coreEnableFlashEcc_                
00006124  _coreDisableFlashEcc_               
00006134  _coreEnableIrqVicOffset_            
00006144  _coreGetDataFault_                  
0000614c  _coreClearDataFault_                
00006158  _coreGetInstructionFault_           
00006160  _coreClearInstructionFault_         
0000616c  _coreGetDataFaultAddress_           
00006174  _coreClearDataFaultAddress_         
00006180  _coreGetInstructionFaultAddress_    
00006188  _coreClearInstructionFaultAddress_  
00006194  _coreGetAuxiliaryDataFault_         
0000619c  _coreClearAuxiliaryDataFault_       
000061a8  _coreGetAuxiliaryInstructionFault_  
000061b0  _coreClearAuxiliaryInstructionFault_
000061bc  _disable_interrupt_                 
000061c4  _disable_FIQ_interrupt_             
000061cc  _disable_IRQ_interrupt_             
000061d4  _enable_interrupt_                  
000061dc  _esmCcmErrorsClear_                 
00006264  _errata_CORTEXR4_57_                
00006274  _errata_CORTEXR4_66_                
00006284  __TI_PINIT_Base                     
00006288  __TI_PINIT_Limit                    
0000628c  main                                
000062bc  SLIP_Read                           
000063f8  SLIP_Write                          
00006520  sciNotification                     
00006568  esmGroup1Notification               
00006578  esmGroup2Notification               
000065b0  vimParityErrorHandler               
0000687c  _c_int00                            
00006b04  linHighLevelInterrupt               
00006d08  esmHighInterrupt                    
00006e1c  _dabort                             
00006f05  floor                               
00006f05  floorl                              
00006fe4  _pmuInit_                           
00007030  _pmuEnableCountersGlobal_           
00007040  _pmuDisableCountersGlobal_          
00007050  _pmuResetCycleCounter_              
00007060  _pmuResetEventCounters_             
00007070  _pmuResetCounters_                  
00007080  _pmuStartCounters_                  
00007088  _pmuStopCounters_                   
00007090  _pmuSetCountEvent_                  
0000709c  _pmuGetCycleCount_                  
000070a4  _pmuGetEventCount_                  
000070b0  _pmuGetOverflow_                    
000070c5  __aeabi_memcpy                      
000070c5  __aeabi_memcpy4                     
000070c5  __aeabi_memcpy8                     
000070c5  memcpy                              
00007180  memoryPort0TestFailNotification     
0000719c  memoryPort1TestFailNotification     
000071cc  dmaGroupANotification               
000071e1  __TI_decompress_lzss                
0000724d  __TI_auto_init_nobinit_nopinit      
00007291  __TI_zero_init_nomemset             
000072ad  __TI_decompress_none                
000072bb  C$$EXIT                             
000072bb  abort                               
000072c0  phantomInterrupt                    
000072c4  handlePLLLockFail                   
000074c8  __TI_Handler_Table_Base             
000074d4  __TI_Handler_Table_Limit            
000074e8  __TI_CINIT_Base                     
000074f8  __TI_CINIT_Limit                    
08001500  Buff                                
08001500  __start___llvm_prf_cnts             
08001500  __stop___llvm_prf_cnts              
08001628  data                                
08001629  escapeFlag                          
0800162a  index                               
0800162b  size                                
ffffffff  __TI_pprof_out_hndl                 
ffffffff  __TI_prof_data_size                 
ffffffff  __TI_prof_data_start                
ffffffff  __binit__                           
ffffffff  __c_args__                          
ffffffff  binit                               
UNDEFED   SHT$$INIT_ARRAY$$Base               
UNDEFED   SHT$$INIT_ARRAY$$Limit              
UNDEFED   _system_post_cinit                  

[204 symbols]
