<?xml version="1.0" encoding="ISO-8859-1" ?>
<link_info>
   <banner>TI ARM Linker PC v20.2.4.LTS</banner>
   <copyright>Copyright (c) 1996-2018 Texas Instruments Incorporated</copyright>
   <link_time>0x60878cef</link_time>
   <link_errors>0x0</link_errors>
   <output_file>SLIP_Echo.out</output_file>
   <entry_point>
      <name>_c_int00</name>
      <address>0x687c</address>
   </entry_point>
   <input_file_list>
      <input_file id="fl-2">
         <path>.\source\</path>
         <kind>object</kind>
         <file>dabort.obj</file>
         <name>dabort.obj</name>
      </input_file>
      <input_file id="fl-3">
         <path>.\source\</path>
         <kind>object</kind>
         <file>errata_SSWF021_45.obj</file>
         <name>errata_SSWF021_45.obj</name>
      </input_file>
      <input_file id="fl-4">
         <path>.\source\</path>
         <kind>object</kind>
         <file>esm.obj</file>
         <name>esm.obj</name>
      </input_file>
      <input_file id="fl-5">
         <path>.\source\</path>
         <kind>object</kind>
         <file>notification.obj</file>
         <name>notification.obj</name>
      </input_file>
      <input_file id="fl-6">
         <path>.\source\</path>
         <kind>object</kind>
         <file>pinmux.obj</file>
         <name>pinmux.obj</name>
      </input_file>
      <input_file id="fl-7">
         <path>.\source\</path>
         <kind>object</kind>
         <file>sci.obj</file>
         <name>sci.obj</name>
      </input_file>
      <input_file id="fl-8">
         <path>.\source\</path>
         <kind>object</kind>
         <file>sys_core.obj</file>
         <name>sys_core.obj</name>
      </input_file>
      <input_file id="fl-9">
         <path>.\source\</path>
         <kind>object</kind>
         <file>sys_dma.obj</file>
         <name>sys_dma.obj</name>
      </input_file>
      <input_file id="fl-a">
         <path>.\source\</path>
         <kind>object</kind>
         <file>sys_intvecs.obj</file>
         <name>sys_intvecs.obj</name>
      </input_file>
      <input_file id="fl-b">
         <path>.\source\</path>
         <kind>object</kind>
         <file>sys_main.obj</file>
         <name>sys_main.obj</name>
      </input_file>
      <input_file id="fl-c">
         <path>.\source\</path>
         <kind>object</kind>
         <file>sys_mpu.obj</file>
         <name>sys_mpu.obj</name>
      </input_file>
      <input_file id="fl-d">
         <path>.\source\</path>
         <kind>object</kind>
         <file>sys_pcr.obj</file>
         <name>sys_pcr.obj</name>
      </input_file>
      <input_file id="fl-e">
         <path>.\source\</path>
         <kind>object</kind>
         <file>sys_phantom.obj</file>
         <name>sys_phantom.obj</name>
      </input_file>
      <input_file id="fl-f">
         <path>.\source\</path>
         <kind>object</kind>
         <file>sys_pmm.obj</file>
         <name>sys_pmm.obj</name>
      </input_file>
      <input_file id="fl-10">
         <path>.\source\</path>
         <kind>object</kind>
         <file>sys_pmu.obj</file>
         <name>sys_pmu.obj</name>
      </input_file>
      <input_file id="fl-11">
         <path>.\source\</path>
         <kind>object</kind>
         <file>sys_selftest.obj</file>
         <name>sys_selftest.obj</name>
      </input_file>
      <input_file id="fl-12">
         <path>.\source\</path>
         <kind>object</kind>
         <file>sys_startup.obj</file>
         <name>sys_startup.obj</name>
      </input_file>
      <input_file id="fl-13">
         <path>.\source\</path>
         <kind>object</kind>
         <file>sys_vim.obj</file>
         <name>sys_vim.obj</name>
      </input_file>
      <input_file id="fl-14">
         <path>.\source\</path>
         <kind>object</kind>
         <file>system.obj</file>
         <name>system.obj</name>
      </input_file>
      <input_file id="fl-18">
         <kind>object</kind>
         <file>&lt;internal&gt;</file>
         <name>&lt;internal&gt;</name>
      </input_file>
      <input_file id="fl-19">
         <path>C:\ti\ccs1000\ccs\tools\compiler\ti-cgt-arm_20.2.4.LTS\lib\</path>
         <kind>archive</kind>
         <file>rtsv7R4_T_le_v3D16_eabi.lib</file>
         <name>s_floor.c.obj</name>
      </input_file>
      <input_file id="fl-1a">
         <path>C:\ti\ccs1000\ccs\tools\compiler\ti-cgt-arm_20.2.4.LTS\lib\</path>
         <kind>archive</kind>
         <file>rtsv7R4_T_le_v3D16_eabi.lib</file>
         <name>autoinit.c.obj</name>
      </input_file>
      <input_file id="fl-1b">
         <path>C:\ti\ccs1000\ccs\tools\compiler\ti-cgt-arm_20.2.4.LTS\lib\</path>
         <kind>archive</kind>
         <file>rtsv7R4_T_le_v3D16_eabi.lib</file>
         <name>cpy_tbl.c.obj</name>
      </input_file>
      <input_file id="fl-1c">
         <path>C:\ti\ccs1000\ccs\tools\compiler\ti-cgt-arm_20.2.4.LTS\lib\</path>
         <kind>archive</kind>
         <file>rtsv7R4_T_le_v3D16_eabi.lib</file>
         <name>copy_zero_init.c.obj</name>
      </input_file>
      <input_file id="fl-1d">
         <path>C:\ti\ccs1000\ccs\tools\compiler\ti-cgt-arm_20.2.4.LTS\lib\</path>
         <kind>archive</kind>
         <file>rtsv7R4_T_le_v3D16_eabi.lib</file>
         <name>copy_decompress_none.c.obj</name>
      </input_file>
      <input_file id="fl-1e">
         <path>C:\ti\ccs1000\ccs\tools\compiler\ti-cgt-arm_20.2.4.LTS\lib\</path>
         <kind>archive</kind>
         <file>rtsv7R4_T_le_v3D16_eabi.lib</file>
         <name>copy_decompress_lzss.c.obj</name>
      </input_file>
      <input_file id="fl-1f">
         <path>C:\ti\ccs1000\ccs\tools\compiler\ti-cgt-arm_20.2.4.LTS\lib\</path>
         <kind>archive</kind>
         <file>rtsv7R4_T_le_v3D16_eabi.lib</file>
         <name>exit.c.obj</name>
      </input_file>
      <input_file id="fl-20">
         <path>C:\ti\ccs1000\ccs\tools\compiler\ti-cgt-arm_20.2.4.LTS\lib\</path>
         <kind>archive</kind>
         <file>rtsv7R4_T_le_v3D16_eabi.lib</file>
         <name>_lock.c.obj</name>
      </input_file>
      <input_file id="fl-21">
         <path>C:\ti\ccs1000\ccs\tools\compiler\ti-cgt-arm_20.2.4.LTS\lib\</path>
         <kind>archive</kind>
         <file>rtsv7R4_T_le_v3D16_eabi.lib</file>
         <name>memset_t2.asm.obj</name>
      </input_file>
      <input_file id="fl-22">
         <path>C:\ti\ccs1000\ccs\tools\compiler\ti-cgt-arm_20.2.4.LTS\lib\</path>
         <kind>archive</kind>
         <file>rtsv7R4_T_le_v3D16_eabi.lib</file>
         <name>memcpy_t2.asm.obj</name>
      </input_file>
   </input_file_list>
   <object_component_list>
      <object_component id="oc-31">
         <name>.intvecs</name>
         <load_address>0x0</load_address>
         <run_address>0x0</run_address>
         <size>0x20</size>
         <input_file_ref idref="fl-a"/>
      </object_component>
      <object_component id="oc-82">
         <name>.text</name>
         <load_address>0x20</load_address>
         <run_address>0x20</run_address>
         <size>0x2cdc</size>
         <input_file_ref idref="fl-11"/>
      </object_component>
      <object_component id="oc-7c">
         <name>.text</name>
         <load_address>0x2cfc</load_address>
         <run_address>0x2cfc</run_address>
         <size>0xb64</size>
         <input_file_ref idref="fl-14"/>
      </object_component>
      <object_component id="oc-3d">
         <name>.text</name>
         <load_address>0x3860</load_address>
         <run_address>0x3860</run_address>
         <size>0xa54</size>
         <input_file_ref idref="fl-13"/>
      </object_component>
      <object_component id="oc-df">
         <name>.text</name>
         <load_address>0x42b4</load_address>
         <run_address>0x42b4</run_address>
         <size>0x8b4</size>
         <input_file_ref idref="fl-6"/>
      </object_component>
      <object_component id="oc-12b">
         <name>.text</name>
         <load_address>0x4b68</load_address>
         <run_address>0x4b68</run_address>
         <size>0x7b8</size>
         <input_file_ref idref="fl-7"/>
      </object_component>
      <object_component id="oc-70">
         <name>.text</name>
         <load_address>0x5320</load_address>
         <run_address>0x5320</run_address>
         <size>0x664</size>
         <input_file_ref idref="fl-3"/>
      </object_component>
      <object_component id="oc-88">
         <name>.text</name>
         <load_address>0x5984</load_address>
         <run_address>0x5984</run_address>
         <size>0x5bc</size>
         <input_file_ref idref="fl-4"/>
      </object_component>
      <object_component id="oc-6b">
         <name>.text</name>
         <load_address>0x5f40</load_address>
         <run_address>0x5f40</run_address>
         <size>0x34c</size>
         <input_file_ref idref="fl-8"/>
      </object_component>
      <object_component id="oc-8f">
         <name>.text</name>
         <load_address>0x628c</load_address>
         <run_address>0x628c</run_address>
         <size>0x324</size>
         <input_file_ref idref="fl-b"/>
      </object_component>
      <object_component id="oc-3c">
         <name>.text:retain</name>
         <load_address>0x65b0</load_address>
         <run_address>0x65b0</run_address>
         <size>0x2cc</size>
         <input_file_ref idref="fl-13"/>
      </object_component>
      <object_component id="oc-1c">
         <name>.text:retain</name>
         <load_address>0x687c</load_address>
         <run_address>0x687c</run_address>
         <size>0x288</size>
         <input_file_ref idref="fl-12"/>
      </object_component>
      <object_component id="oc-2b">
         <name>.text:retain</name>
         <load_address>0x6b04</load_address>
         <run_address>0x6b04</run_address>
         <size>0x204</size>
         <input_file_ref idref="fl-7"/>
      </object_component>
      <object_component id="oc-22">
         <name>.text:retain</name>
         <load_address>0x6d08</load_address>
         <run_address>0x6d08</run_address>
         <size>0x114</size>
         <input_file_ref idref="fl-4"/>
      </object_component>
      <object_component id="oc-a4">
         <name>.text</name>
         <load_address>0x6e1c</load_address>
         <run_address>0x6e1c</run_address>
         <size>0xe8</size>
         <input_file_ref idref="fl-2"/>
      </object_component>
      <object_component id="oc-1e4">
         <name>.text:floor</name>
         <load_address>0x6f04</load_address>
         <run_address>0x6f04</run_address>
         <size>0xe0</size>
         <input_file_ref idref="fl-19"/>
      </object_component>
      <object_component id="oc-ed">
         <name>.text</name>
         <load_address>0x6fe4</load_address>
         <run_address>0x6fe4</run_address>
         <size>0xe0</size>
         <input_file_ref idref="fl-10"/>
      </object_component>
      <object_component id="oc-53">
         <name>.text</name>
         <load_address>0x70c4</load_address>
         <run_address>0x70c4</run_address>
         <size>0x9c</size>
         <input_file_ref idref="fl-22"/>
      </object_component>
      <object_component id="oc-e7">
         <name>.text</name>
         <load_address>0x7160</load_address>
         <run_address>0x7160</run_address>
         <size>0x80</size>
         <input_file_ref idref="fl-5"/>
      </object_component>
      <object_component id="oc-f">
         <name>.text:decompress:lzss:__TI_decompress_lzss</name>
         <load_address>0x71e0</load_address>
         <run_address>0x71e0</run_address>
         <size>0x6c</size>
         <input_file_ref idref="fl-1e"/>
      </object_component>
      <object_component id="oc-fb">
         <name>.text:__TI_auto_init_nobinit_nopinit:__TI_auto_init_nobinit_nopinit</name>
         <load_address>0x724c</load_address>
         <run_address>0x724c</run_address>
         <size>0x44</size>
         <input_file_ref idref="fl-1a"/>
      </object_component>
      <object_component id="oc-5f">
         <name>.text:decompress:ZI:__TI_zero_init_nomemset:__TI_zero_init_nomemset</name>
         <load_address>0x7290</load_address>
         <run_address>0x7290</run_address>
         <size>0x1c</size>
         <input_file_ref idref="fl-1c"/>
      </object_component>
      <object_component id="oc-15">
         <name>.text:decompress:none:__TI_decompress_none</name>
         <load_address>0x72ac</load_address>
         <run_address>0x72ac</run_address>
         <size>0xe</size>
         <input_file_ref idref="fl-1d"/>
      </object_component>
      <object_component id="oc-13f">
         <name>.text:abort:abort</name>
         <load_address>0x72ba</load_address>
         <run_address>0x72ba</run_address>
         <size>0x4</size>
         <input_file_ref idref="fl-1f"/>
      </object_component>
      <object_component id="oc-36">
         <name>.text:retain</name>
         <load_address>0x72c0</load_address>
         <run_address>0x72c0</run_address>
         <size>0x4</size>
         <input_file_ref idref="fl-e"/>
      </object_component>
      <object_component id="oc-76">
         <name>.text</name>
         <load_address>0x72c4</load_address>
         <run_address>0x72c4</run_address>
         <size>0x4</size>
         <input_file_ref idref="fl-12"/>
      </object_component>
      <object_component id="oc-28">
         <name>.const:s_vim_init</name>
         <load_address>0x72c8</load_address>
         <run_address>0x72c8</run_address>
         <size>0x200</size>
         <input_file_ref idref="fl-13"/>
      </object_component>
      <object_component id="oc-289">
         <name>__TI_handler_table</name>
         <load_address>0x74c8</load_address>
         <run_address>0x74c8</run_address>
         <size>0xc</size>
      </object_component>
      <object_component id="oc-28b">
         <name>.cinit..bss.load</name>
         <load_address>0x74d8</load_address>
         <run_address>0x74d8</run_address>
         <size>0x8</size>
      </object_component>
      <object_component id="oc-28c">
         <name>.cinit..data.load</name>
         <load_address>0x74e0</load_address>
         <run_address>0x74e0</run_address>
         <size>0x6</size>
      </object_component>
      <object_component id="oc-28a">
         <name>__TI_cinit_table</name>
         <load_address>0x74e8</load_address>
         <run_address>0x74e8</run_address>
         <size>0x10</size>
      </object_component>
      <object_component id="oc-a0">
         <name>.bss:g_sciTransfer_t</name>
         <uninitialized>true</uninitialized>
         <run_address>0x8001600</run_address>
         <size>0x28</size>
         <input_file_ref idref="fl-7"/>
      </object_component>
      <object_component id="oc-131">
         <name>.common:data</name>
         <uninitialized>true</uninitialized>
         <run_address>0x8001628</run_address>
         <size>0x1</size>
      </object_component>
      <object_component id="oc-138">
         <name>.common:Buff</name>
         <uninitialized>true</uninitialized>
         <run_address>0x8001500</run_address>
         <size>0x100</size>
      </object_component>
      <object_component id="oc-137">
         <name>.common:escapeFlag</name>
         <uninitialized>true</uninitialized>
         <run_address>0x8001629</run_address>
         <size>0x1</size>
      </object_component>
      <object_component id="oc-134">
         <name>.data</name>
         <load_address>0x800162a</load_address>
         <run_address>0x800162a</run_address>
         <size>0x2</size>
         <input_file_ref idref="fl-b"/>
      </object_component>
      <object_component id="oc-a5">
         <name>.debug_info</name>
         <load_address>0x0</load_address>
         <run_address>0x0</run_address>
         <size>0xf4</size>
         <input_file_ref idref="fl-2"/>
      </object_component>
      <object_component id="oc-188">
         <name>.debug_info</name>
         <load_address>0xf4</load_address>
         <run_address>0xf4</run_address>
         <size>0x2b3</size>
         <input_file_ref idref="fl-3"/>
      </object_component>
      <object_component id="oc-74">
         <name>.debug_info</name>
         <load_address>0x3a7</load_address>
         <run_address>0x3a7</run_address>
         <size>0x634</size>
         <input_file_ref idref="fl-3"/>
      </object_component>
      <object_component id="oc-4e">
         <name>.debug_info</name>
         <load_address>0x9db</load_address>
         <run_address>0x9db</run_address>
         <size>0x84</size>
         <input_file_ref idref="fl-3"/>
      </object_component>
      <object_component id="oc-d9">
         <name>.debug_info</name>
         <load_address>0xa5f</load_address>
         <run_address>0xa5f</run_address>
         <size>0x9e7</size>
         <input_file_ref idref="fl-3"/>
      </object_component>
      <object_component id="oc-fa">
         <name>.debug_info</name>
         <load_address>0x1446</load_address>
         <run_address>0x1446</run_address>
         <size>0x30b</size>
         <input_file_ref idref="fl-4"/>
      </object_component>
      <object_component id="oc-8a">
         <name>.debug_info</name>
         <load_address>0x1751</load_address>
         <run_address>0x1751</run_address>
         <size>0xb20</size>
         <input_file_ref idref="fl-4"/>
      </object_component>
      <object_component id="oc-23">
         <name>.debug_info</name>
         <load_address>0x2271</load_address>
         <run_address>0x2271</run_address>
         <size>0x180</size>
         <input_file_ref idref="fl-4"/>
      </object_component>
      <object_component id="oc-14d">
         <name>.debug_info</name>
         <load_address>0x23f1</load_address>
         <run_address>0x23f1</run_address>
         <size>0x26b</size>
         <input_file_ref idref="fl-4"/>
      </object_component>
      <object_component id="oc-98">
         <name>.debug_info</name>
         <load_address>0x265c</load_address>
         <run_address>0x265c</run_address>
         <size>0x157</size>
         <input_file_ref idref="fl-4"/>
      </object_component>
      <object_component id="oc-b1">
         <name>.debug_info</name>
         <load_address>0x27b3</load_address>
         <run_address>0x27b3</run_address>
         <size>0x8b</size>
         <input_file_ref idref="fl-4"/>
      </object_component>
      <object_component id="oc-ac">
         <name>.debug_info</name>
         <load_address>0x283e</load_address>
         <run_address>0x283e</run_address>
         <size>0x18c</size>
         <input_file_ref idref="fl-4"/>
      </object_component>
      <object_component id="oc-1f4">
         <name>.debug_info</name>
         <load_address>0x29ca</load_address>
         <run_address>0x29ca</run_address>
         <size>0x2a4</size>
         <input_file_ref idref="fl-4"/>
      </object_component>
      <object_component id="oc-13a">
         <name>.debug_info</name>
         <load_address>0x2c6e</load_address>
         <run_address>0x2c6e</run_address>
         <size>0xbb</size>
         <input_file_ref idref="fl-4"/>
      </object_component>
      <object_component id="oc-b6">
         <name>.debug_info</name>
         <load_address>0x2d29</load_address>
         <run_address>0x2d29</run_address>
         <size>0x86</size>
         <input_file_ref idref="fl-4"/>
      </object_component>
      <object_component id="oc-152">
         <name>.debug_info</name>
         <load_address>0x2daf</load_address>
         <run_address>0x2daf</run_address>
         <size>0x1de</size>
         <input_file_ref idref="fl-4"/>
      </object_component>
      <object_component id="oc-f5">
         <name>.debug_info</name>
         <load_address>0x2f8d</load_address>
         <run_address>0x2f8d</run_address>
         <size>0x129</size>
         <input_file_ref idref="fl-4"/>
      </object_component>
      <object_component id="oc-16b">
         <name>.debug_info</name>
         <load_address>0x30b6</load_address>
         <run_address>0x30b6</run_address>
         <size>0x2d0</size>
         <input_file_ref idref="fl-4"/>
      </object_component>
      <object_component id="oc-1c5">
         <name>.debug_info</name>
         <load_address>0x3386</load_address>
         <run_address>0x3386</run_address>
         <size>0x489</size>
         <input_file_ref idref="fl-5"/>
      </object_component>
      <object_component id="oc-e8">
         <name>.debug_info</name>
         <load_address>0x380f</load_address>
         <run_address>0x380f</run_address>
         <size>0x65a</size>
         <input_file_ref idref="fl-5"/>
      </object_component>
      <object_component id="oc-18d">
         <name>.debug_info</name>
         <load_address>0x3e69</load_address>
         <run_address>0x3e69</run_address>
         <size>0x791</size>
         <input_file_ref idref="fl-5"/>
      </object_component>
      <object_component id="oc-192">
         <name>.debug_info</name>
         <load_address>0x45fa</load_address>
         <run_address>0x45fa</run_address>
         <size>0x4de</size>
         <input_file_ref idref="fl-5"/>
      </object_component>
      <object_component id="oc-197">
         <name>.debug_info</name>
         <load_address>0x4ad8</load_address>
         <run_address>0x4ad8</run_address>
         <size>0x3ce</size>
         <input_file_ref idref="fl-5"/>
      </object_component>
      <object_component id="oc-21b">
         <name>.debug_info</name>
         <load_address>0x4ea6</load_address>
         <run_address>0x4ea6</run_address>
         <size>0x7cd</size>
         <input_file_ref idref="fl-5"/>
      </object_component>
      <object_component id="oc-1c6">
         <name>.debug_info</name>
         <load_address>0x5673</load_address>
         <run_address>0x5673</run_address>
         <size>0x673</size>
         <input_file_ref idref="fl-5"/>
      </object_component>
      <object_component id="oc-180">
         <name>.debug_info</name>
         <load_address>0x5ce6</load_address>
         <run_address>0x5ce6</run_address>
         <size>0x2c</size>
         <input_file_ref idref="fl-5"/>
      </object_component>
      <object_component id="oc-19c">
         <name>.debug_info</name>
         <load_address>0x5d12</load_address>
         <run_address>0x5d12</run_address>
         <size>0x437</size>
         <input_file_ref idref="fl-5"/>
      </object_component>
      <object_component id="oc-1ce">
         <name>.debug_info</name>
         <load_address>0x6149</load_address>
         <run_address>0x6149</run_address>
         <size>0x37b</size>
         <input_file_ref idref="fl-5"/>
      </object_component>
      <object_component id="oc-1a1">
         <name>.debug_info</name>
         <load_address>0x64c4</load_address>
         <run_address>0x64c4</run_address>
         <size>0x1ca</size>
         <input_file_ref idref="fl-5"/>
      </object_component>
      <object_component id="oc-157">
         <name>.debug_info</name>
         <load_address>0x668e</load_address>
         <run_address>0x668e</run_address>
         <size>0x435</size>
         <input_file_ref idref="fl-5"/>
      </object_component>
      <object_component id="oc-1ba">
         <name>.debug_info</name>
         <load_address>0x6ac3</load_address>
         <run_address>0x6ac3</run_address>
         <size>0x551</size>
         <input_file_ref idref="fl-5"/>
      </object_component>
      <object_component id="oc-15c">
         <name>.debug_info</name>
         <load_address>0x7014</load_address>
         <run_address>0x7014</run_address>
         <size>0x1f9</size>
         <input_file_ref idref="fl-5"/>
      </object_component>
      <object_component id="oc-1a6">
         <name>.debug_info</name>
         <load_address>0x720d</load_address>
         <run_address>0x720d</run_address>
         <size>0x3d3</size>
         <input_file_ref idref="fl-5"/>
      </object_component>
      <object_component id="oc-1b0">
         <name>.debug_info</name>
         <load_address>0x75e0</load_address>
         <run_address>0x75e0</run_address>
         <size>0x1de</size>
         <input_file_ref idref="fl-5"/>
      </object_component>
      <object_component id="oc-1ed">
         <name>.debug_info</name>
         <load_address>0x77be</load_address>
         <run_address>0x77be</run_address>
         <size>0x243</size>
         <input_file_ref idref="fl-5"/>
      </object_component>
      <object_component id="oc-20a">
         <name>.debug_info</name>
         <load_address>0x7a01</load_address>
         <run_address>0x7a01</run_address>
         <size>0x18e</size>
         <input_file_ref idref="fl-5"/>
      </object_component>
      <object_component id="oc-1bf">
         <name>.debug_info</name>
         <load_address>0x7b8f</load_address>
         <run_address>0x7b8f</run_address>
         <size>0x17a</size>
         <input_file_ref idref="fl-5"/>
      </object_component>
      <object_component id="oc-161">
         <name>.debug_info</name>
         <load_address>0x7d09</load_address>
         <run_address>0x7d09</run_address>
         <size>0x6a6</size>
         <input_file_ref idref="fl-5"/>
      </object_component>
      <object_component id="oc-166">
         <name>.debug_info</name>
         <load_address>0x83af</load_address>
         <run_address>0x83af</run_address>
         <size>0x13e</size>
         <input_file_ref idref="fl-5"/>
      </object_component>
      <object_component id="oc-18a">
         <name>.debug_info</name>
         <load_address>0x84ed</load_address>
         <run_address>0x84ed</run_address>
         <size>0x275</size>
         <input_file_ref idref="fl-6"/>
      </object_component>
      <object_component id="oc-e3">
         <name>.debug_info</name>
         <load_address>0x8762</load_address>
         <run_address>0x8762</run_address>
         <size>0x1de</size>
         <input_file_ref idref="fl-6"/>
      </object_component>
      <object_component id="oc-1ab">
         <name>.debug_info</name>
         <load_address>0x8940</load_address>
         <run_address>0x8940</run_address>
         <size>0x508</size>
         <input_file_ref idref="fl-6"/>
      </object_component>
      <object_component id="oc-213">
         <name>.debug_info</name>
         <load_address>0x8e48</load_address>
         <run_address>0x8e48</run_address>
         <size>0x43c</size>
         <input_file_ref idref="fl-6"/>
      </object_component>
      <object_component id="oc-177">
         <name>.debug_info</name>
         <load_address>0x9284</load_address>
         <run_address>0x9284</run_address>
         <size>0x310</size>
         <input_file_ref idref="fl-7"/>
      </object_component>
      <object_component id="oc-a1">
         <name>.debug_info</name>
         <load_address>0x9594</load_address>
         <run_address>0x9594</run_address>
         <size>0xdf</size>
         <input_file_ref idref="fl-7"/>
      </object_component>
      <object_component id="oc-12c">
         <name>.debug_info</name>
         <load_address>0x9673</load_address>
         <run_address>0x9673</run_address>
         <size>0xc2f</size>
         <input_file_ref idref="fl-7"/>
      </object_component>
      <object_component id="oc-2c">
         <name>.debug_info</name>
         <load_address>0xa2a2</load_address>
         <run_address>0xa2a2</run_address>
         <size>0x214</size>
         <input_file_ref idref="fl-7"/>
      </object_component>
      <object_component id="oc-205">
         <name>.debug_info</name>
         <load_address>0xa4b6</load_address>
         <run_address>0xa4b6</run_address>
         <size>0x91</size>
         <input_file_ref idref="fl-7"/>
      </object_component>
      <object_component id="oc-6d">
         <name>.debug_info</name>
         <load_address>0xa547</load_address>
         <run_address>0xa547</run_address>
         <size>0x7e9</size>
         <input_file_ref idref="fl-8"/>
      </object_component>
      <object_component id="oc-32">
         <name>.debug_info</name>
         <load_address>0xad30</load_address>
         <run_address>0xad30</run_address>
         <size>0xfc</size>
         <input_file_ref idref="fl-a"/>
      </object_component>
      <object_component id="oc-132">
         <name>.debug_info</name>
         <load_address>0xae2c</load_address>
         <run_address>0xae2c</run_address>
         <size>0x367</size>
         <input_file_ref idref="fl-b"/>
      </object_component>
      <object_component id="oc-135">
         <name>.debug_info</name>
         <load_address>0xb193</load_address>
         <run_address>0xb193</run_address>
         <size>0xea</size>
         <input_file_ref idref="fl-b"/>
      </object_component>
      <object_component id="oc-92">
         <name>.debug_info</name>
         <load_address>0xb27d</load_address>
         <run_address>0xb27d</run_address>
         <size>0x572</size>
         <input_file_ref idref="fl-b"/>
      </object_component>
      <object_component id="oc-218">
         <name>.debug_info</name>
         <load_address>0xb7ef</load_address>
         <run_address>0xb7ef</run_address>
         <size>0x294</size>
         <input_file_ref idref="fl-d"/>
      </object_component>
      <object_component id="oc-24a">
         <name>.debug_info</name>
         <load_address>0xba83</load_address>
         <run_address>0xba83</run_address>
         <size>0x242</size>
         <input_file_ref idref="fl-d"/>
      </object_component>
      <object_component id="oc-1b5">
         <name>.debug_info</name>
         <load_address>0xbcc5</load_address>
         <run_address>0xbcc5</run_address>
         <size>0x2af</size>
         <input_file_ref idref="fl-d"/>
      </object_component>
      <object_component id="oc-38">
         <name>.debug_info</name>
         <load_address>0xbf74</load_address>
         <run_address>0xbf74</run_address>
         <size>0x131</size>
         <input_file_ref idref="fl-e"/>
      </object_component>
      <object_component id="oc-ee">
         <name>.debug_info</name>
         <load_address>0xc0a5</load_address>
         <run_address>0xc0a5</run_address>
         <size>0x35b</size>
         <input_file_ref idref="fl-10"/>
      </object_component>
      <object_component id="oc-f3">
         <name>.debug_info</name>
         <load_address>0xc400</load_address>
         <run_address>0xc400</run_address>
         <size>0x664</size>
         <input_file_ref idref="fl-11"/>
      </object_component>
      <object_component id="oc-83">
         <name>.debug_info</name>
         <load_address>0xca64</load_address>
         <run_address>0xca64</run_address>
         <size>0x2e83</size>
         <input_file_ref idref="fl-11"/>
      </object_component>
      <object_component id="oc-1d">
         <name>.debug_info</name>
         <load_address>0xf8e7</load_address>
         <run_address>0xf8e7</run_address>
         <size>0x5d7</size>
         <input_file_ref idref="fl-12"/>
      </object_component>
      <object_component id="oc-77">
         <name>.debug_info</name>
         <load_address>0xfebe</load_address>
         <run_address>0xfebe</run_address>
         <size>0x12a</size>
         <input_file_ref idref="fl-12"/>
      </object_component>
      <object_component id="oc-9f">
         <name>.debug_info</name>
         <load_address>0xffe8</load_address>
         <run_address>0xffe8</run_address>
         <size>0x472</size>
         <input_file_ref idref="fl-13"/>
      </object_component>
      <object_component id="oc-29">
         <name>.debug_info</name>
         <load_address>0x1045a</load_address>
         <run_address>0x1045a</run_address>
         <size>0xd9</size>
         <input_file_ref idref="fl-13"/>
      </object_component>
      <object_component id="oc-3f">
         <name>.debug_info</name>
         <load_address>0x10533</load_address>
         <run_address>0x10533</run_address>
         <size>0x46b</size>
         <input_file_ref idref="fl-13"/>
      </object_component>
      <object_component id="oc-43">
         <name>.debug_info</name>
         <load_address>0x1099e</load_address>
         <run_address>0x1099e</run_address>
         <size>0x1f4</size>
         <input_file_ref idref="fl-13"/>
      </object_component>
      <object_component id="oc-170">
         <name>.debug_info</name>
         <load_address>0x10b92</load_address>
         <run_address>0x10b92</run_address>
         <size>0x4f</size>
         <input_file_ref idref="fl-13"/>
      </object_component>
      <object_component id="oc-e6">
         <name>.debug_info</name>
         <load_address>0x10be1</load_address>
         <run_address>0x10be1</run_address>
         <size>0x511</size>
         <input_file_ref idref="fl-14"/>
      </object_component>
      <object_component id="oc-7e">
         <name>.debug_info</name>
         <load_address>0x110f2</load_address>
         <run_address>0x110f2</run_address>
         <size>0x7ce</size>
         <input_file_ref idref="fl-14"/>
      </object_component>
      <object_component id="oc-239">
         <name>.debug_info</name>
         <load_address>0x118c0</load_address>
         <run_address>0x118c0</run_address>
         <size>0x28f</size>
         <input_file_ref idref="fl-19"/>
      </object_component>
      <object_component id="oc-1e6">
         <name>.debug_info</name>
         <load_address>0x11b4f</load_address>
         <run_address>0x11b4f</run_address>
         <size>0x1a0</size>
         <input_file_ref idref="fl-19"/>
      </object_component>
      <object_component id="oc-25b">
         <name>.debug_info</name>
         <load_address>0x11cef</load_address>
         <run_address>0x11cef</run_address>
         <size>0x46</size>
         <input_file_ref idref="fl-19"/>
      </object_component>
      <object_component id="oc-234">
         <name>.debug_info</name>
         <load_address>0x11d35</load_address>
         <run_address>0x11d35</run_address>
         <size>0x39</size>
         <input_file_ref idref="fl-19"/>
      </object_component>
      <object_component id="oc-1d6">
         <name>.debug_info</name>
         <load_address>0x11d6e</load_address>
         <run_address>0x11d6e</run_address>
         <size>0x4b3</size>
         <input_file_ref idref="fl-1a"/>
      </object_component>
      <object_component id="oc-fd">
         <name>.debug_info</name>
         <load_address>0x12221</load_address>
         <run_address>0x12221</run_address>
         <size>0x1a6</size>
         <input_file_ref idref="fl-1a"/>
      </object_component>
      <object_component id="oc-222">
         <name>.debug_info</name>
         <load_address>0x123c7</load_address>
         <run_address>0x123c7</run_address>
         <size>0x39</size>
         <input_file_ref idref="fl-1a"/>
      </object_component>
      <object_component id="oc-24f">
         <name>.debug_info</name>
         <load_address>0x12400</load_address>
         <run_address>0x12400</run_address>
         <size>0x39</size>
         <input_file_ref idref="fl-1a"/>
      </object_component>
      <object_component id="oc-227">
         <name>.debug_info</name>
         <load_address>0x12439</load_address>
         <run_address>0x12439</run_address>
         <size>0x39</size>
         <input_file_ref idref="fl-1a"/>
      </object_component>
      <object_component id="oc-22c">
         <name>.debug_info</name>
         <load_address>0x12472</load_address>
         <run_address>0x12472</run_address>
         <size>0xcd</size>
         <input_file_ref idref="fl-1a"/>
      </object_component>
      <object_component id="oc-d0">
         <name>.debug_info</name>
         <load_address>0x1253f</load_address>
         <run_address>0x1253f</run_address>
         <size>0x2d4</size>
         <input_file_ref idref="fl-1c"/>
      </object_component>
      <object_component id="oc-60">
         <name>.debug_info</name>
         <load_address>0x12813</load_address>
         <run_address>0x12813</run_address>
         <size>0x1d2</size>
         <input_file_ref idref="fl-1c"/>
      </object_component>
      <object_component id="oc-cb">
         <name>.debug_info</name>
         <load_address>0x129e5</load_address>
         <run_address>0x129e5</run_address>
         <size>0x46</size>
         <input_file_ref idref="fl-1c"/>
      </object_component>
      <object_component id="oc-5e">
         <name>.debug_info</name>
         <load_address>0x12a2b</load_address>
         <run_address>0x12a2b</run_address>
         <size>0x2a3</size>
         <input_file_ref idref="fl-1d"/>
      </object_component>
      <object_component id="oc-17">
         <name>.debug_info</name>
         <load_address>0x12cce</load_address>
         <run_address>0x12cce</run_address>
         <size>0x1d5</size>
         <input_file_ref idref="fl-1d"/>
      </object_component>
      <object_component id="oc-59">
         <name>.debug_info</name>
         <load_address>0x12ea3</load_address>
         <run_address>0x12ea3</run_address>
         <size>0x46</size>
         <input_file_ref idref="fl-1d"/>
      </object_component>
      <object_component id="oc-c3">
         <name>.debug_info</name>
         <load_address>0x12ee9</load_address>
         <run_address>0x12ee9</run_address>
         <size>0x2c</size>
         <input_file_ref idref="fl-1d"/>
      </object_component>
      <object_component id="oc-c1">
         <name>.debug_info</name>
         <load_address>0x12f15</load_address>
         <run_address>0x12f15</run_address>
         <size>0x29e</size>
         <input_file_ref idref="fl-1e"/>
      </object_component>
      <object_component id="oc-11">
         <name>.debug_info</name>
         <load_address>0x131b3</load_address>
         <run_address>0x131b3</run_address>
         <size>0x250</size>
         <input_file_ref idref="fl-1e"/>
      </object_component>
      <object_component id="oc-49">
         <name>.debug_info</name>
         <load_address>0x13403</load_address>
         <run_address>0x13403</run_address>
         <size>0x60</size>
         <input_file_ref idref="fl-1e"/>
      </object_component>
      <object_component id="oc-179">
         <name>.debug_info</name>
         <load_address>0x13463</load_address>
         <run_address>0x13463</run_address>
         <size>0x46</size>
         <input_file_ref idref="fl-1e"/>
      </object_component>
      <object_component id="oc-bc">
         <name>.debug_info</name>
         <load_address>0x134a9</load_address>
         <run_address>0x134a9</run_address>
         <size>0x39</size>
         <input_file_ref idref="fl-1e"/>
      </object_component>
      <object_component id="oc-142">
         <name>.debug_info</name>
         <load_address>0x134e2</load_address>
         <run_address>0x134e2</run_address>
         <size>0x122</size>
         <input_file_ref idref="fl-1f"/>
      </object_component>
      <object_component id="oc-54">
         <name>.debug_info</name>
         <load_address>0x13604</load_address>
         <run_address>0x13604</run_address>
         <size>0x119</size>
         <input_file_ref idref="fl-22"/>
      </object_component>
      <object_component id="oc-28e">
         <name>.debug_info</name>
         <load_address>0x1371d</load_address>
         <run_address>0x1371d</run_address>
         <size>0x9b</size>
      </object_component>
      <object_component id="oc-a8">
         <name>.debug_line</name>
         <load_address>0x0</load_address>
         <run_address>0x0</run_address>
         <size>0x78</size>
         <input_file_ref idref="fl-2"/>
      </object_component>
      <object_component id="oc-210">
         <name>.debug_line</name>
         <load_address>0x78</load_address>
         <run_address>0x78</run_address>
         <size>0x20</size>
         <input_file_ref idref="fl-3"/>
      </object_component>
      <object_component id="oc-71">
         <name>.debug_line</name>
         <load_address>0x98</load_address>
         <run_address>0x98</run_address>
         <size>0x1ea</size>
         <input_file_ref idref="fl-3"/>
      </object_component>
      <object_component id="oc-51">
         <name>.debug_line</name>
         <load_address>0x282</load_address>
         <run_address>0x282</run_address>
         <size>0x20</size>
         <input_file_ref idref="fl-3"/>
      </object_component>
      <object_component id="oc-dc">
         <name>.debug_line</name>
         <load_address>0x2a2</load_address>
         <run_address>0x2a2</run_address>
         <size>0x6b</size>
         <input_file_ref idref="fl-3"/>
      </object_component>
      <object_component id="oc-1d4">
         <name>.debug_line</name>
         <load_address>0x30d</load_address>
         <run_address>0x30d</run_address>
         <size>0x58</size>
         <input_file_ref idref="fl-4"/>
      </object_component>
      <object_component id="oc-8d">
         <name>.debug_line</name>
         <load_address>0x365</load_address>
         <run_address>0x365</run_address>
         <size>0x26b</size>
         <input_file_ref idref="fl-4"/>
      </object_component>
      <object_component id="oc-26">
         <name>.debug_line</name>
         <load_address>0x5d0</load_address>
         <run_address>0x5d0</run_address>
         <size>0x63</size>
         <input_file_ref idref="fl-4"/>
      </object_component>
      <object_component id="oc-150">
         <name>.debug_line</name>
         <load_address>0x633</load_address>
         <run_address>0x633</run_address>
         <size>0x6f</size>
         <input_file_ref idref="fl-4"/>
      </object_component>
      <object_component id="oc-9b">
         <name>.debug_line</name>
         <load_address>0x6a2</load_address>
         <run_address>0x6a2</run_address>
         <size>0x61</size>
         <input_file_ref idref="fl-4"/>
      </object_component>
      <object_component id="oc-b4">
         <name>.debug_line</name>
         <load_address>0x703</load_address>
         <run_address>0x703</run_address>
         <size>0x20</size>
         <input_file_ref idref="fl-4"/>
      </object_component>
      <object_component id="oc-af">
         <name>.debug_line</name>
         <load_address>0x723</load_address>
         <run_address>0x723</run_address>
         <size>0x5c</size>
         <input_file_ref idref="fl-4"/>
      </object_component>
      <object_component id="oc-1f7">
         <name>.debug_line</name>
         <load_address>0x77f</load_address>
         <run_address>0x77f</run_address>
         <size>0x73</size>
         <input_file_ref idref="fl-4"/>
      </object_component>
      <object_component id="oc-13d">
         <name>.debug_line</name>
         <load_address>0x7f2</load_address>
         <run_address>0x7f2</run_address>
         <size>0x70</size>
         <input_file_ref idref="fl-4"/>
      </object_component>
      <object_component id="oc-b9">
         <name>.debug_line</name>
         <load_address>0x862</load_address>
         <run_address>0x862</run_address>
         <size>0x5f</size>
         <input_file_ref idref="fl-4"/>
      </object_component>
      <object_component id="oc-155">
         <name>.debug_line</name>
         <load_address>0x8c1</load_address>
         <run_address>0x8c1</run_address>
         <size>0x5c</size>
         <input_file_ref idref="fl-4"/>
      </object_component>
      <object_component id="oc-f8">
         <name>.debug_line</name>
         <load_address>0x91d</load_address>
         <run_address>0x91d</run_address>
         <size>0x58</size>
         <input_file_ref idref="fl-4"/>
      </object_component>
      <object_component id="oc-16e">
         <name>.debug_line</name>
         <load_address>0x975</load_address>
         <run_address>0x975</run_address>
         <size>0x5c</size>
         <input_file_ref idref="fl-4"/>
      </object_component>
      <object_component id="oc-21a">
         <name>.debug_line</name>
         <load_address>0x9d1</load_address>
         <run_address>0x9d1</run_address>
         <size>0x20</size>
         <input_file_ref idref="fl-5"/>
      </object_component>
      <object_component id="oc-ec">
         <name>.debug_line</name>
         <load_address>0x9f1</load_address>
         <run_address>0x9f1</run_address>
         <size>0xbc</size>
         <input_file_ref idref="fl-5"/>
      </object_component>
      <object_component id="oc-190">
         <name>.debug_line</name>
         <load_address>0xaad</load_address>
         <run_address>0xaad</run_address>
         <size>0x5c</size>
         <input_file_ref idref="fl-5"/>
      </object_component>
      <object_component id="oc-195">
         <name>.debug_line</name>
         <load_address>0xb09</load_address>
         <run_address>0xb09</run_address>
         <size>0x5f</size>
         <input_file_ref idref="fl-5"/>
      </object_component>
      <object_component id="oc-19a">
         <name>.debug_line</name>
         <load_address>0xb68</load_address>
         <run_address>0xb68</run_address>
         <size>0x5c</size>
         <input_file_ref idref="fl-5"/>
      </object_component>
      <object_component id="oc-21e">
         <name>.debug_line</name>
         <load_address>0xbc4</load_address>
         <run_address>0xbc4</run_address>
         <size>0x5c</size>
         <input_file_ref idref="fl-5"/>
      </object_component>
      <object_component id="oc-1c9">
         <name>.debug_line</name>
         <load_address>0xc20</load_address>
         <run_address>0xc20</run_address>
         <size>0x5c</size>
         <input_file_ref idref="fl-5"/>
      </object_component>
      <object_component id="oc-183">
         <name>.debug_line</name>
         <load_address>0xc7c</load_address>
         <run_address>0xc7c</run_address>
         <size>0x6b</size>
         <input_file_ref idref="fl-5"/>
      </object_component>
      <object_component id="oc-19f">
         <name>.debug_line</name>
         <load_address>0xce7</load_address>
         <run_address>0xce7</run_address>
         <size>0x5c</size>
         <input_file_ref idref="fl-5"/>
      </object_component>
      <object_component id="oc-1d1">
         <name>.debug_line</name>
         <load_address>0xd43</load_address>
         <run_address>0xd43</run_address>
         <size>0x61</size>
         <input_file_ref idref="fl-5"/>
      </object_component>
      <object_component id="oc-1a4">
         <name>.debug_line</name>
         <load_address>0xda4</load_address>
         <run_address>0xda4</run_address>
         <size>0x5c</size>
         <input_file_ref idref="fl-5"/>
      </object_component>
      <object_component id="oc-15a">
         <name>.debug_line</name>
         <load_address>0xe00</load_address>
         <run_address>0xe00</run_address>
         <size>0x5e</size>
         <input_file_ref idref="fl-5"/>
      </object_component>
      <object_component id="oc-1bd">
         <name>.debug_line</name>
         <load_address>0xe5e</load_address>
         <run_address>0xe5e</run_address>
         <size>0x5b</size>
         <input_file_ref idref="fl-5"/>
      </object_component>
      <object_component id="oc-15f">
         <name>.debug_line</name>
         <load_address>0xeb9</load_address>
         <run_address>0xeb9</run_address>
         <size>0x5c</size>
         <input_file_ref idref="fl-5"/>
      </object_component>
      <object_component id="oc-1a9">
         <name>.debug_line</name>
         <load_address>0xf15</load_address>
         <run_address>0xf15</run_address>
         <size>0x5c</size>
         <input_file_ref idref="fl-5"/>
      </object_component>
      <object_component id="oc-1b3">
         <name>.debug_line</name>
         <load_address>0xf71</load_address>
         <run_address>0xf71</run_address>
         <size>0x5e</size>
         <input_file_ref idref="fl-5"/>
      </object_component>
      <object_component id="oc-1f0">
         <name>.debug_line</name>
         <load_address>0xfcf</load_address>
         <run_address>0xfcf</run_address>
         <size>0x5c</size>
         <input_file_ref idref="fl-5"/>
      </object_component>
      <object_component id="oc-20d">
         <name>.debug_line</name>
         <load_address>0x102b</load_address>
         <run_address>0x102b</run_address>
         <size>0x58</size>
         <input_file_ref idref="fl-5"/>
      </object_component>
      <object_component id="oc-1c2">
         <name>.debug_line</name>
         <load_address>0x1083</load_address>
         <run_address>0x1083</run_address>
         <size>0x5c</size>
         <input_file_ref idref="fl-5"/>
      </object_component>
      <object_component id="oc-164">
         <name>.debug_line</name>
         <load_address>0x10df</load_address>
         <run_address>0x10df</run_address>
         <size>0x5f</size>
         <input_file_ref idref="fl-5"/>
      </object_component>
      <object_component id="oc-169">
         <name>.debug_line</name>
         <load_address>0x113e</load_address>
         <run_address>0x113e</run_address>
         <size>0x5e</size>
         <input_file_ref idref="fl-5"/>
      </object_component>
      <object_component id="oc-212">
         <name>.debug_line</name>
         <load_address>0x119c</load_address>
         <run_address>0x119c</run_address>
         <size>0x20</size>
         <input_file_ref idref="fl-6"/>
      </object_component>
      <object_component id="oc-e1">
         <name>.debug_line</name>
         <load_address>0x11bc</load_address>
         <run_address>0x11bc</run_address>
         <size>0xd6</size>
         <input_file_ref idref="fl-6"/>
      </object_component>
      <object_component id="oc-1ae">
         <name>.debug_line</name>
         <load_address>0x1292</load_address>
         <run_address>0x1292</run_address>
         <size>0x5f</size>
         <input_file_ref idref="fl-6"/>
      </object_component>
      <object_component id="oc-216">
         <name>.debug_line</name>
         <load_address>0x12f1</load_address>
         <run_address>0x12f1</run_address>
         <size>0x5b</size>
         <input_file_ref idref="fl-6"/>
      </object_component>
      <object_component id="oc-204">
         <name>.debug_line</name>
         <load_address>0x134c</load_address>
         <run_address>0x134c</run_address>
         <size>0xa1</size>
         <input_file_ref idref="fl-7"/>
      </object_component>
      <object_component id="oc-176">
         <name>.debug_line</name>
         <load_address>0x13ed</load_address>
         <run_address>0x13ed</run_address>
         <size>0x33</size>
         <input_file_ref idref="fl-7"/>
      </object_component>
      <object_component id="oc-130">
         <name>.debug_line</name>
         <load_address>0x1420</load_address>
         <run_address>0x1420</run_address>
         <size>0x2ae</size>
         <input_file_ref idref="fl-7"/>
      </object_component>
      <object_component id="oc-30">
         <name>.debug_line</name>
         <load_address>0x16ce</load_address>
         <run_address>0x16ce</run_address>
         <size>0x8c</size>
         <input_file_ref idref="fl-7"/>
      </object_component>
      <object_component id="oc-208">
         <name>.debug_line</name>
         <load_address>0x175a</load_address>
         <run_address>0x175a</run_address>
         <size>0x33</size>
         <input_file_ref idref="fl-7"/>
      </object_component>
      <object_component id="oc-6c">
         <name>.debug_line</name>
         <load_address>0x178d</load_address>
         <run_address>0x178d</run_address>
         <size>0x2e4</size>
         <input_file_ref idref="fl-8"/>
      </object_component>
      <object_component id="oc-35">
         <name>.debug_line</name>
         <load_address>0x1a71</load_address>
         <run_address>0x1a71</run_address>
         <size>0x4f</size>
         <input_file_ref idref="fl-a"/>
      </object_component>
      <object_component id="oc-1ec">
         <name>.debug_line</name>
         <load_address>0x1ac0</load_address>
         <run_address>0x1ac0</run_address>
         <size>0x70</size>
         <input_file_ref idref="fl-b"/>
      </object_component>
      <object_component id="oc-1f3">
         <name>.debug_line</name>
         <load_address>0x1b30</load_address>
         <run_address>0x1b30</run_address>
         <size>0x38</size>
         <input_file_ref idref="fl-b"/>
      </object_component>
      <object_component id="oc-91">
         <name>.debug_line</name>
         <load_address>0x1b68</load_address>
         <run_address>0x1b68</run_address>
         <size>0x140</size>
         <input_file_ref idref="fl-b"/>
      </object_component>
      <object_component id="oc-249">
         <name>.debug_line</name>
         <load_address>0x1ca8</load_address>
         <run_address>0x1ca8</run_address>
         <size>0x20</size>
         <input_file_ref idref="fl-d"/>
      </object_component>
      <object_component id="oc-24d">
         <name>.debug_line</name>
         <load_address>0x1cc8</load_address>
         <run_address>0x1cc8</run_address>
         <size>0x5c</size>
         <input_file_ref idref="fl-d"/>
      </object_component>
      <object_component id="oc-1b8">
         <name>.debug_line</name>
         <load_address>0x1d24</load_address>
         <run_address>0x1d24</run_address>
         <size>0x5c</size>
         <input_file_ref idref="fl-d"/>
      </object_component>
      <object_component id="oc-37">
         <name>.debug_line</name>
         <load_address>0x1d80</load_address>
         <run_address>0x1d80</run_address>
         <size>0x4b</size>
         <input_file_ref idref="fl-e"/>
      </object_component>
      <object_component id="oc-f1">
         <name>.debug_line</name>
         <load_address>0x1dcb</load_address>
         <run_address>0x1dcb</run_address>
         <size>0x125</size>
         <input_file_ref idref="fl-10"/>
      </object_component>
      <object_component id="oc-1cd">
         <name>.debug_line</name>
         <load_address>0x1ef0</load_address>
         <run_address>0x1ef0</run_address>
         <size>0xda</size>
         <input_file_ref idref="fl-11"/>
      </object_component>
      <object_component id="oc-86">
         <name>.debug_line</name>
         <load_address>0x1fca</load_address>
         <run_address>0x1fca</run_address>
         <size>0xc46</size>
         <input_file_ref idref="fl-11"/>
      </object_component>
      <object_component id="oc-21">
         <name>.debug_line</name>
         <load_address>0x2c10</load_address>
         <run_address>0x2c10</run_address>
         <size>0xed</size>
         <input_file_ref idref="fl-12"/>
      </object_component>
      <object_component id="oc-7b">
         <name>.debug_line</name>
         <load_address>0x2cfd</load_address>
         <run_address>0x2cfd</run_address>
         <size>0x50</size>
         <input_file_ref idref="fl-12"/>
      </object_component>
      <object_component id="oc-14c">
         <name>.debug_line</name>
         <load_address>0x2d4d</load_address>
         <run_address>0x2d4d</run_address>
         <size>0x94</size>
         <input_file_ref idref="fl-13"/>
      </object_component>
      <object_component id="oc-9e">
         <name>.debug_line</name>
         <load_address>0x2de1</load_address>
         <run_address>0x2de1</run_address>
         <size>0x37</size>
         <input_file_ref idref="fl-13"/>
      </object_component>
      <object_component id="oc-42">
         <name>.debug_line</name>
         <load_address>0x2e18</load_address>
         <run_address>0x2e18</run_address>
         <size>0x19c</size>
         <input_file_ref idref="fl-13"/>
      </object_component>
      <object_component id="oc-46">
         <name>.debug_line</name>
         <load_address>0x2fb4</load_address>
         <run_address>0x2fb4</run_address>
         <size>0x96</size>
         <input_file_ref idref="fl-13"/>
      </object_component>
      <object_component id="oc-173">
         <name>.debug_line</name>
         <load_address>0x304a</load_address>
         <run_address>0x304a</run_address>
         <size>0x37</size>
         <input_file_ref idref="fl-13"/>
      </object_component>
      <object_component id="oc-18c">
         <name>.debug_line</name>
         <load_address>0x3081</load_address>
         <run_address>0x3081</run_address>
         <size>0xd9</size>
         <input_file_ref idref="fl-14"/>
      </object_component>
      <object_component id="oc-7d">
         <name>.debug_line</name>
         <load_address>0x315a</load_address>
         <run_address>0x315a</run_address>
         <size>0x231</size>
         <input_file_ref idref="fl-14"/>
      </object_component>
      <object_component id="oc-261">
         <name>.debug_line</name>
         <load_address>0x338b</load_address>
         <run_address>0x338b</run_address>
         <size>0x20</size>
         <input_file_ref idref="fl-19"/>
      </object_component>
      <object_component id="oc-1e5">
         <name>.debug_line</name>
         <load_address>0x33ab</load_address>
         <run_address>0x33ab</run_address>
         <size>0xc3</size>
         <input_file_ref idref="fl-19"/>
      </object_component>
      <object_component id="oc-25e">
         <name>.debug_line</name>
         <load_address>0x346e</load_address>
         <run_address>0x346e</run_address>
         <size>0x9a</size>
         <input_file_ref idref="fl-19"/>
      </object_component>
      <object_component id="oc-237">
         <name>.debug_line</name>
         <load_address>0x3508</load_address>
         <run_address>0x3508</run_address>
         <size>0x97</size>
         <input_file_ref idref="fl-19"/>
      </object_component>
      <object_component id="oc-221">
         <name>.debug_line</name>
         <load_address>0x359f</load_address>
         <run_address>0x359f</run_address>
         <size>0xbf</size>
         <input_file_ref idref="fl-1a"/>
      </object_component>
      <object_component id="oc-100">
         <name>.debug_line</name>
         <load_address>0x365e</load_address>
         <run_address>0x365e</run_address>
         <size>0x75</size>
         <input_file_ref idref="fl-1a"/>
      </object_component>
      <object_component id="oc-225">
         <name>.debug_line</name>
         <load_address>0x36d3</load_address>
         <run_address>0x36d3</run_address>
         <size>0x2e</size>
         <input_file_ref idref="fl-1a"/>
      </object_component>
      <object_component id="oc-252">
         <name>.debug_line</name>
         <load_address>0x3701</load_address>
         <run_address>0x3701</run_address>
         <size>0x9a</size>
         <input_file_ref idref="fl-1a"/>
      </object_component>
      <object_component id="oc-22a">
         <name>.debug_line</name>
         <load_address>0x379b</load_address>
         <run_address>0x379b</run_address>
         <size>0x97</size>
         <input_file_ref idref="fl-1a"/>
      </object_component>
      <object_component id="oc-22f">
         <name>.debug_line</name>
         <load_address>0x3832</load_address>
         <run_address>0x3832</run_address>
         <size>0x93</size>
         <input_file_ref idref="fl-1a"/>
      </object_component>
      <object_component id="oc-186">
         <name>.debug_line</name>
         <load_address>0x38c5</load_address>
         <run_address>0x38c5</run_address>
         <size>0x92</size>
         <input_file_ref idref="fl-1c"/>
      </object_component>
      <object_component id="oc-64">
         <name>.debug_line</name>
         <load_address>0x3957</load_address>
         <run_address>0x3957</run_address>
         <size>0x53</size>
         <input_file_ref idref="fl-1c"/>
      </object_component>
      <object_component id="oc-ce">
         <name>.debug_line</name>
         <load_address>0x39aa</load_address>
         <run_address>0x39aa</run_address>
         <size>0x34</size>
         <input_file_ref idref="fl-1c"/>
      </object_component>
      <object_component id="oc-c9">
         <name>.debug_line</name>
         <load_address>0x39de</load_address>
         <run_address>0x39de</run_address>
         <size>0x20</size>
         <input_file_ref idref="fl-1d"/>
      </object_component>
      <object_component id="oc-16">
         <name>.debug_line</name>
         <load_address>0x39fe</load_address>
         <run_address>0x39fe</run_address>
         <size>0x58</size>
         <input_file_ref idref="fl-1d"/>
      </object_component>
      <object_component id="oc-5c">
         <name>.debug_line</name>
         <load_address>0x3a56</load_address>
         <run_address>0x3a56</run_address>
         <size>0x3a</size>
         <input_file_ref idref="fl-1d"/>
      </object_component>
      <object_component id="oc-c6">
         <name>.debug_line</name>
         <load_address>0x3a90</load_address>
         <run_address>0x3a90</run_address>
         <size>0x92</size>
         <input_file_ref idref="fl-1d"/>
      </object_component>
      <object_component id="oc-17f">
         <name>.debug_line</name>
         <load_address>0x3b22</load_address>
         <run_address>0x3b22</run_address>
         <size>0x20</size>
         <input_file_ref idref="fl-1e"/>
      </object_component>
      <object_component id="oc-14">
         <name>.debug_line</name>
         <load_address>0x3b42</load_address>
         <run_address>0x3b42</run_address>
         <size>0xb2</size>
         <input_file_ref idref="fl-1e"/>
      </object_component>
      <object_component id="oc-4c">
         <name>.debug_line</name>
         <load_address>0x3bf4</load_address>
         <run_address>0x3bf4</run_address>
         <size>0x3a</size>
         <input_file_ref idref="fl-1e"/>
      </object_component>
      <object_component id="oc-17c">
         <name>.debug_line</name>
         <load_address>0x3c2e</load_address>
         <run_address>0x3c2e</run_address>
         <size>0x9a</size>
         <input_file_ref idref="fl-1e"/>
      </object_component>
      <object_component id="oc-bf">
         <name>.debug_line</name>
         <load_address>0x3cc8</load_address>
         <run_address>0x3cc8</run_address>
         <size>0x96</size>
         <input_file_ref idref="fl-1e"/>
      </object_component>
      <object_component id="oc-140">
         <name>.debug_line</name>
         <load_address>0x3d5e</load_address>
         <run_address>0x3d5e</run_address>
         <size>0x3c</size>
         <input_file_ref idref="fl-1f"/>
      </object_component>
      <object_component id="oc-57">
         <name>.debug_line</name>
         <load_address>0x3d9a</load_address>
         <run_address>0x3d9a</run_address>
         <size>0x88</size>
         <input_file_ref idref="fl-22"/>
      </object_component>
      <object_component id="oc-178">
         <name>.debug_abbrev</name>
         <load_address>0x0</load_address>
         <run_address>0x0</run_address>
         <size>0x36</size>
         <input_file_ref idref="fl-2"/>
      </object_component>
      <object_component id="oc-20f">
         <name>.debug_abbrev</name>
         <load_address>0x36</load_address>
         <run_address>0x36</run_address>
         <size>0x39</size>
         <input_file_ref idref="fl-3"/>
      </object_component>
      <object_component id="oc-d8">
         <name>.debug_abbrev</name>
         <load_address>0x6f</load_address>
         <run_address>0x6f</run_address>
         <size>0xd8</size>
         <input_file_ref idref="fl-3"/>
      </object_component>
      <object_component id="oc-50">
         <name>.debug_abbrev</name>
         <load_address>0x147</load_address>
         <run_address>0x147</run_address>
         <size>0x1f</size>
         <input_file_ref idref="fl-3"/>
      </object_component>
      <object_component id="oc-db">
         <name>.debug_abbrev</name>
         <load_address>0x166</load_address>
         <run_address>0x166</run_address>
         <size>0xa3</size>
         <input_file_ref idref="fl-3"/>
      </object_component>
      <object_component id="oc-1d3">
         <name>.debug_abbrev</name>
         <load_address>0x209</load_address>
         <run_address>0x209</run_address>
         <size>0x6f</size>
         <input_file_ref idref="fl-4"/>
      </object_component>
      <object_component id="oc-f4">
         <name>.debug_abbrev</name>
         <load_address>0x278</load_address>
         <run_address>0x278</run_address>
         <size>0xc8</size>
         <input_file_ref idref="fl-4"/>
      </object_component>
      <object_component id="oc-97">
         <name>.debug_abbrev</name>
         <load_address>0x340</load_address>
         <run_address>0x340</run_address>
         <size>0x6f</size>
         <input_file_ref idref="fl-4"/>
      </object_component>
      <object_component id="oc-14f">
         <name>.debug_abbrev</name>
         <load_address>0x3af</load_address>
         <run_address>0x3af</run_address>
         <size>0x69</size>
         <input_file_ref idref="fl-4"/>
      </object_component>
      <object_component id="oc-9a">
         <name>.debug_abbrev</name>
         <load_address>0x418</load_address>
         <run_address>0x418</run_address>
         <size>0x5a</size>
         <input_file_ref idref="fl-4"/>
      </object_component>
      <object_component id="oc-b3">
         <name>.debug_abbrev</name>
         <load_address>0x472</load_address>
         <run_address>0x472</run_address>
         <size>0x1f</size>
         <input_file_ref idref="fl-4"/>
      </object_component>
      <object_component id="oc-ae">
         <name>.debug_abbrev</name>
         <load_address>0x491</load_address>
         <run_address>0x491</run_address>
         <size>0x7c</size>
         <input_file_ref idref="fl-4"/>
      </object_component>
      <object_component id="oc-1f6">
         <name>.debug_abbrev</name>
         <load_address>0x50d</load_address>
         <run_address>0x50d</run_address>
         <size>0x5c</size>
         <input_file_ref idref="fl-4"/>
      </object_component>
      <object_component id="oc-13c">
         <name>.debug_abbrev</name>
         <load_address>0x569</load_address>
         <run_address>0x569</run_address>
         <size>0x24</size>
         <input_file_ref idref="fl-4"/>
      </object_component>
      <object_component id="oc-b8">
         <name>.debug_abbrev</name>
         <load_address>0x58d</load_address>
         <run_address>0x58d</run_address>
         <size>0x55</size>
         <input_file_ref idref="fl-4"/>
      </object_component>
      <object_component id="oc-154">
         <name>.debug_abbrev</name>
         <load_address>0x5e2</load_address>
         <run_address>0x5e2</run_address>
         <size>0x4b</size>
         <input_file_ref idref="fl-4"/>
      </object_component>
      <object_component id="oc-f7">
         <name>.debug_abbrev</name>
         <load_address>0x62d</load_address>
         <run_address>0x62d</run_address>
         <size>0x6b</size>
         <input_file_ref idref="fl-4"/>
      </object_component>
      <object_component id="oc-16d">
         <name>.debug_abbrev</name>
         <load_address>0x698</load_address>
         <run_address>0x698</run_address>
         <size>0x4b</size>
         <input_file_ref idref="fl-4"/>
      </object_component>
      <object_component id="oc-219">
         <name>.debug_abbrev</name>
         <load_address>0x6e3</load_address>
         <run_address>0x6e3</run_address>
         <size>0x5f</size>
         <input_file_ref idref="fl-5"/>
      </object_component>
      <object_component id="oc-1c4">
         <name>.debug_abbrev</name>
         <load_address>0x742</load_address>
         <run_address>0x742</run_address>
         <size>0x6c</size>
         <input_file_ref idref="fl-5"/>
      </object_component>
      <object_component id="oc-18f">
         <name>.debug_abbrev</name>
         <load_address>0x7ae</load_address>
         <run_address>0x7ae</run_address>
         <size>0x7c</size>
         <input_file_ref idref="fl-5"/>
      </object_component>
      <object_component id="oc-194">
         <name>.debug_abbrev</name>
         <load_address>0x82a</load_address>
         <run_address>0x82a</run_address>
         <size>0x5a</size>
         <input_file_ref idref="fl-5"/>
      </object_component>
      <object_component id="oc-199">
         <name>.debug_abbrev</name>
         <load_address>0x884</load_address>
         <run_address>0x884</run_address>
         <size>0x7f</size>
         <input_file_ref idref="fl-5"/>
      </object_component>
      <object_component id="oc-21d">
         <name>.debug_abbrev</name>
         <load_address>0x903</load_address>
         <run_address>0x903</run_address>
         <size>0x5a</size>
         <input_file_ref idref="fl-5"/>
      </object_component>
      <object_component id="oc-1c8">
         <name>.debug_abbrev</name>
         <load_address>0x95d</load_address>
         <run_address>0x95d</run_address>
         <size>0xe8</size>
         <input_file_ref idref="fl-5"/>
      </object_component>
      <object_component id="oc-182">
         <name>.debug_abbrev</name>
         <load_address>0xa45</load_address>
         <run_address>0xa45</run_address>
         <size>0x24</size>
         <input_file_ref idref="fl-5"/>
      </object_component>
      <object_component id="oc-19e">
         <name>.debug_abbrev</name>
         <load_address>0xa69</load_address>
         <run_address>0xa69</run_address>
         <size>0x4b</size>
         <input_file_ref idref="fl-5"/>
      </object_component>
      <object_component id="oc-1d0">
         <name>.debug_abbrev</name>
         <load_address>0xab4</load_address>
         <run_address>0xab4</run_address>
         <size>0xc1</size>
         <input_file_ref idref="fl-5"/>
      </object_component>
      <object_component id="oc-1a3">
         <name>.debug_abbrev</name>
         <load_address>0xb75</load_address>
         <run_address>0xb75</run_address>
         <size>0x4b</size>
         <input_file_ref idref="fl-5"/>
      </object_component>
      <object_component id="oc-159">
         <name>.debug_abbrev</name>
         <load_address>0xbc0</load_address>
         <run_address>0xbc0</run_address>
         <size>0x4b</size>
         <input_file_ref idref="fl-5"/>
      </object_component>
      <object_component id="oc-1bc">
         <name>.debug_abbrev</name>
         <load_address>0xc0b</load_address>
         <run_address>0xc0b</run_address>
         <size>0xb2</size>
         <input_file_ref idref="fl-5"/>
      </object_component>
      <object_component id="oc-15e">
         <name>.debug_abbrev</name>
         <load_address>0xcbd</load_address>
         <run_address>0xcbd</run_address>
         <size>0x4b</size>
         <input_file_ref idref="fl-5"/>
      </object_component>
      <object_component id="oc-1a8">
         <name>.debug_abbrev</name>
         <load_address>0xd08</load_address>
         <run_address>0xd08</run_address>
         <size>0x5c</size>
         <input_file_ref idref="fl-5"/>
      </object_component>
      <object_component id="oc-1b2">
         <name>.debug_abbrev</name>
         <load_address>0xd64</load_address>
         <run_address>0xd64</run_address>
         <size>0x4b</size>
         <input_file_ref idref="fl-5"/>
      </object_component>
      <object_component id="oc-1ef">
         <name>.debug_abbrev</name>
         <load_address>0xdaf</load_address>
         <run_address>0xdaf</run_address>
         <size>0x4b</size>
         <input_file_ref idref="fl-5"/>
      </object_component>
      <object_component id="oc-20c">
         <name>.debug_abbrev</name>
         <load_address>0xdfa</load_address>
         <run_address>0xdfa</run_address>
         <size>0x89</size>
         <input_file_ref idref="fl-5"/>
      </object_component>
      <object_component id="oc-1c1">
         <name>.debug_abbrev</name>
         <load_address>0xe83</load_address>
         <run_address>0xe83</run_address>
         <size>0x4b</size>
         <input_file_ref idref="fl-5"/>
      </object_component>
      <object_component id="oc-163">
         <name>.debug_abbrev</name>
         <load_address>0xece</load_address>
         <run_address>0xece</run_address>
         <size>0x5c</size>
         <input_file_ref idref="fl-5"/>
      </object_component>
      <object_component id="oc-168">
         <name>.debug_abbrev</name>
         <load_address>0xf2a</load_address>
         <run_address>0xf2a</run_address>
         <size>0x4b</size>
         <input_file_ref idref="fl-5"/>
      </object_component>
      <object_component id="oc-211">
         <name>.debug_abbrev</name>
         <load_address>0xf75</load_address>
         <run_address>0xf75</run_address>
         <size>0x2e</size>
         <input_file_ref idref="fl-6"/>
      </object_component>
      <object_component id="oc-189">
         <name>.debug_abbrev</name>
         <load_address>0xfa3</load_address>
         <run_address>0xfa3</run_address>
         <size>0x99</size>
         <input_file_ref idref="fl-6"/>
      </object_component>
      <object_component id="oc-1ad">
         <name>.debug_abbrev</name>
         <load_address>0x103c</load_address>
         <run_address>0x103c</run_address>
         <size>0x4b</size>
         <input_file_ref idref="fl-6"/>
      </object_component>
      <object_component id="oc-215">
         <name>.debug_abbrev</name>
         <load_address>0x1087</load_address>
         <run_address>0x1087</run_address>
         <size>0x4b</size>
         <input_file_ref idref="fl-6"/>
      </object_component>
      <object_component id="oc-203">
         <name>.debug_abbrev</name>
         <load_address>0x10d2</load_address>
         <run_address>0x10d2</run_address>
         <size>0x9b</size>
         <input_file_ref idref="fl-7"/>
      </object_component>
      <object_component id="oc-175">
         <name>.debug_abbrev</name>
         <load_address>0x116d</load_address>
         <run_address>0x116d</run_address>
         <size>0x27</size>
         <input_file_ref idref="fl-7"/>
      </object_component>
      <object_component id="oc-1ea">
         <name>.debug_abbrev</name>
         <load_address>0x1194</load_address>
         <run_address>0x1194</run_address>
         <size>0x13d</size>
         <input_file_ref idref="fl-7"/>
      </object_component>
      <object_component id="oc-a3">
         <name>.debug_abbrev</name>
         <load_address>0x12d1</load_address>
         <run_address>0x12d1</run_address>
         <size>0x7a</size>
         <input_file_ref idref="fl-7"/>
      </object_component>
      <object_component id="oc-207">
         <name>.debug_abbrev</name>
         <load_address>0x134b</load_address>
         <run_address>0x134b</run_address>
         <size>0x3a</size>
         <input_file_ref idref="fl-7"/>
      </object_component>
      <object_component id="oc-d7">
         <name>.debug_abbrev</name>
         <load_address>0x1385</load_address>
         <run_address>0x1385</run_address>
         <size>0x44</size>
         <input_file_ref idref="fl-8"/>
      </object_component>
      <object_component id="oc-a9">
         <name>.debug_abbrev</name>
         <load_address>0x13c9</load_address>
         <run_address>0x13c9</run_address>
         <size>0x38</size>
         <input_file_ref idref="fl-a"/>
      </object_component>
      <object_component id="oc-1eb">
         <name>.debug_abbrev</name>
         <load_address>0x1401</load_address>
         <run_address>0x1401</run_address>
         <size>0xb3</size>
         <input_file_ref idref="fl-b"/>
      </object_component>
      <object_component id="oc-1f2">
         <name>.debug_abbrev</name>
         <load_address>0x14b4</load_address>
         <run_address>0x14b4</run_address>
         <size>0x29</size>
         <input_file_ref idref="fl-b"/>
      </object_component>
      <object_component id="oc-139">
         <name>.debug_abbrev</name>
         <load_address>0x14dd</load_address>
         <run_address>0x14dd</run_address>
         <size>0xa9</size>
         <input_file_ref idref="fl-b"/>
      </object_component>
      <object_component id="oc-248">
         <name>.debug_abbrev</name>
         <load_address>0x1586</load_address>
         <run_address>0x1586</run_address>
         <size>0x42</size>
         <input_file_ref idref="fl-d"/>
      </object_component>
      <object_component id="oc-24c">
         <name>.debug_abbrev</name>
         <load_address>0x15c8</load_address>
         <run_address>0x15c8</run_address>
         <size>0x72</size>
         <input_file_ref idref="fl-d"/>
      </object_component>
      <object_component id="oc-1b7">
         <name>.debug_abbrev</name>
         <load_address>0x163a</load_address>
         <run_address>0x163a</run_address>
         <size>0x4b</size>
         <input_file_ref idref="fl-d"/>
      </object_component>
      <object_component id="oc-aa">
         <name>.debug_abbrev</name>
         <load_address>0x1685</load_address>
         <run_address>0x1685</run_address>
         <size>0x53</size>
         <input_file_ref idref="fl-e"/>
      </object_component>
      <object_component id="oc-1cb">
         <name>.debug_abbrev</name>
         <load_address>0x16d8</load_address>
         <run_address>0x16d8</run_address>
         <size>0x36</size>
         <input_file_ref idref="fl-10"/>
      </object_component>
      <object_component id="oc-1cc">
         <name>.debug_abbrev</name>
         <load_address>0x170e</load_address>
         <run_address>0x170e</run_address>
         <size>0xa6</size>
         <input_file_ref idref="fl-11"/>
      </object_component>
      <object_component id="oc-f2">
         <name>.debug_abbrev</name>
         <load_address>0x17b4</load_address>
         <run_address>0x17b4</run_address>
         <size>0x101</size>
         <input_file_ref idref="fl-11"/>
      </object_component>
      <object_component id="oc-96">
         <name>.debug_abbrev</name>
         <load_address>0x18b5</load_address>
         <run_address>0x18b5</run_address>
         <size>0x55</size>
         <input_file_ref idref="fl-12"/>
      </object_component>
      <object_component id="oc-de">
         <name>.debug_abbrev</name>
         <load_address>0x190a</load_address>
         <run_address>0x190a</run_address>
         <size>0x42</size>
         <input_file_ref idref="fl-12"/>
      </object_component>
      <object_component id="oc-14b">
         <name>.debug_abbrev</name>
         <load_address>0x194c</load_address>
         <run_address>0x194c</run_address>
         <size>0xa4</size>
         <input_file_ref idref="fl-13"/>
      </object_component>
      <object_component id="oc-9d">
         <name>.debug_abbrev</name>
         <load_address>0x19f0</load_address>
         <run_address>0x19f0</run_address>
         <size>0x27</size>
         <input_file_ref idref="fl-13"/>
      </object_component>
      <object_component id="oc-ab">
         <name>.debug_abbrev</name>
         <load_address>0x1a17</load_address>
         <run_address>0x1a17</run_address>
         <size>0xa4</size>
         <input_file_ref idref="fl-13"/>
      </object_component>
      <object_component id="oc-bb">
         <name>.debug_abbrev</name>
         <load_address>0x1abb</load_address>
         <run_address>0x1abb</run_address>
         <size>0x6f</size>
         <input_file_ref idref="fl-13"/>
      </object_component>
      <object_component id="oc-172">
         <name>.debug_abbrev</name>
         <load_address>0x1b2a</load_address>
         <run_address>0x1b2a</run_address>
         <size>0x4b</size>
         <input_file_ref idref="fl-13"/>
      </object_component>
      <object_component id="oc-18b">
         <name>.debug_abbrev</name>
         <load_address>0x1b75</load_address>
         <run_address>0x1b75</run_address>
         <size>0xba</size>
         <input_file_ref idref="fl-14"/>
      </object_component>
      <object_component id="oc-e5">
         <name>.debug_abbrev</name>
         <load_address>0x1c2f</load_address>
         <run_address>0x1c2f</run_address>
         <size>0xd4</size>
[...]
      </symbol>
      <symbol id="sm-2a5">
         <name>_coreClearInstructionFault_</name>
         <value>0x6160</value>
         <object_component_ref idref="oc-6b"/>
      </symbol>
      <symbol id="sm-2a6">
         <name>_getCPSRValue_</name>
         <value>0x6098</value>
         <object_component_ref idref="oc-6b"/>
      </symbol>
      <symbol id="sm-2a7">
         <name>__TI_PINIT_Limit</name>
         <value>0x6288</value>
         <object_component_ref idref="oc-6b"/>
      </symbol>
      <symbol id="sm-2a8">
         <name>_coreEnableFlashEcc_</name>
         <value>0x6110</value>
         <object_component_ref idref="oc-6b"/>
      </symbol>
      <symbol id="sm-2a9">
         <name>_disable_FIQ_interrupt_</name>
         <value>0x61c4</value>
         <object_component_ref idref="oc-6b"/>
      </symbol>
      <symbol id="sm-2aa">
         <name>_coreGetAuxiliaryInstructionFault_</name>
         <value>0x61a8</value>
         <object_component_ref idref="oc-6b"/>
      </symbol>
      <symbol id="sm-2ab">
         <name>_coreInitStackPointer_</name>
         <value>0x604c</value>
         <object_component_ref idref="oc-6b"/>
      </symbol>
      <symbol id="sm-2ac">
         <name>_esmCcmErrorsClear_</name>
         <value>0x61dc</value>
         <object_component_ref idref="oc-6b"/>
      </symbol>
      <symbol id="sm-2ad">
         <name>_gotoCPUIdle_</name>
         <value>0x60a0</value>
         <object_component_ref idref="oc-6b"/>
      </symbol>
      <symbol id="sm-2ae">
         <name>_coreEnableIrqVicOffset_</name>
         <value>0x6134</value>
         <object_component_ref idref="oc-6b"/>
      </symbol>
      <symbol id="sm-2af">
         <name>_coreGetInstructionFault_</name>
         <value>0x6158</value>
         <object_component_ref idref="oc-6b"/>
      </symbol>
      <symbol id="sm-2b0">
         <name>_coreEnableVfp_</name>
         <value>0x60b8</value>
         <object_component_ref idref="oc-6b"/>
      </symbol>
      <symbol id="sm-2b1">
         <name>_coreClearAuxiliaryDataFault_</name>
         <value>0x619c</value>
         <object_component_ref idref="oc-6b"/>
      </symbol>
      <symbol id="sm-2b2">
         <name>_coreEnableEventBusExport_</name>
         <value>0x60d0</value>
         <object_component_ref idref="oc-6b"/>
      </symbol>
      <symbol id="sm-2bf">
         <name>resetEntry</name>
         <value>0x0</value>
         <object_component_ref idref="oc-31"/>
      </symbol>
      <symbol id="sm-2f4">
         <name>data</name>
         <value>0x8001628</value>
      </symbol>
      <symbol id="sm-2f5">
         <name>Buff</name>
         <value>0x8001500</value>
      </symbol>
      <symbol id="sm-2f6">
         <name>escapeFlag</name>
         <value>0x8001629</value>
      </symbol>
      <symbol id="sm-2f7">
         <name>SLIP_Read</name>
         <value>0x62bc</value>
         <object_component_ref idref="oc-8f"/>
      </symbol>
      <symbol id="sm-2f8">
         <name>sciNotification</name>
         <value>0x6520</value>
         <object_component_ref idref="oc-8f"/>
      </symbol>
      <symbol id="sm-2f9">
         <name>esmGroup2Notification</name>
         <value>0x6578</value>
         <object_component_ref idref="oc-8f"/>
      </symbol>
      <symbol id="sm-2fa">
         <name>main</name>
         <value>0x628c</value>
         <object_component_ref idref="oc-8f"/>
      </symbol>
      <symbol id="sm-2fb">
         <name>index</name>
         <value>0x800162a</value>
         <object_component_ref idref="oc-134"/>
      </symbol>
      <symbol id="sm-2fc">
         <name>esmGroup1Notification</name>
         <value>0x6568</value>
         <object_component_ref idref="oc-8f"/>
      </symbol>
      <symbol id="sm-2fd">
         <name>SLIP_Write</name>
         <value>0x63f8</value>
         <object_component_ref idref="oc-8f"/>
      </symbol>
      <symbol id="sm-2fe">
         <name>size</name>
         <value>0x800162b</value>
         <object_component_ref idref="oc-134"/>
      </symbol>
      <symbol id="sm-317">
         <name>phantomInterrupt</name>
         <value>0x72c0</value>
         <object_component_ref idref="oc-36"/>
      </symbol>
      <symbol id="sm-321">
         <name>_pmuResetCounters_</name>
         <value>0x7070</value>
         <object_component_ref idref="oc-ed"/>
      </symbol>
      <symbol id="sm-322">
         <name>_pmuGetEventCount_</name>
         <value>0x70a4</value>
         <object_component_ref idref="oc-ed"/>
      </symbol>
      <symbol id="sm-323">
         <name>_pmuResetEventCounters_</name>
         <value>0x7060</value>
         <object_component_ref idref="oc-ed"/>
      </symbol>
      <symbol id="sm-324">
         <name>_pmuStopCounters_</name>
         <value>0x7088</value>
         <object_component_ref idref="oc-ed"/>
      </symbol>
      <symbol id="sm-325">
         <name>_pmuInit_</name>
         <value>0x6fe4</value>
         <object_component_ref idref="oc-ed"/>
      </symbol>
      <symbol id="sm-326">
         <name>_pmuGetOverflow_</name>
         <value>0x70b0</value>
         <object_component_ref idref="oc-ed"/>
      </symbol>
      <symbol id="sm-327">
         <name>_pmuResetCycleCounter_</name>
         <value>0x7050</value>
         <object_component_ref idref="oc-ed"/>
      </symbol>
      <symbol id="sm-328">
         <name>_pmuSetCountEvent_</name>
         <value>0x7090</value>
         <object_component_ref idref="oc-ed"/>
      </symbol>
      <symbol id="sm-329">
         <name>_pmuGetCycleCount_</name>
         <value>0x709c</value>
         <object_component_ref idref="oc-ed"/>
      </symbol>
      <symbol id="sm-32a">
         <name>_pmuEnableCountersGlobal_</name>
         <value>0x7030</value>
         <object_component_ref idref="oc-ed"/>
      </symbol>
      <symbol id="sm-32b">
         <name>_pmuDisableCountersGlobal_</name>
         <value>0x7040</value>
         <object_component_ref idref="oc-ed"/>
      </symbol>
      <symbol id="sm-32c">
         <name>_pmuStartCounters_</name>
         <value>0x7080</value>
         <object_component_ref idref="oc-ed"/>
      </symbol>
      <symbol id="sm-4ec">
         <name>pbistSelfCheck</name>
         <value>0x2cc</value>
         <object_component_ref idref="oc-82"/>
      </symbol>
      <symbol id="sm-4ed">
         <name>fmcBus1ParityCheck</name>
         <value>0x22c4</value>
         <object_component_ref idref="oc-82"/>
      </symbol>
      <symbol id="sm-4ee">
         <name>can1ParityCheck</name>
         <value>0x1410</value>
         <object_component_ref idref="oc-82"/>
      </symbol>
      <symbol id="sm-4ef">
         <name>enableParity</name>
         <value>0x2ad0</value>
         <object_component_ref idref="oc-82"/>
      </symbol>
      <symbol id="sm-4f0">
         <name>dmaParityCheck</name>
         <value>0xeac</value>
         <object_component_ref idref="oc-82"/>
      </symbol>
      <symbol id="sm-4f1">
         <name>custom_dabort</name>
         <value>0xdf4</value>
         <object_component_ref idref="oc-82"/>
      </symbol>
      <symbol id="sm-4f2">
         <name>memoryInit</name>
         <value>0x174</value>
         <object_component_ref idref="oc-82"/>
      </symbol>
      <symbol id="sm-4f3">
         <name>stcSelfCheck</name>
         <value>0x1b8</value>
         <object_component_ref idref="oc-82"/>
      </symbol>
      <symbol id="sm-4f4">
         <name>efcGetConfigValue</name>
         <value>0x2660</value>
         <object_component_ref idref="oc-82"/>
      </symbol>
      <symbol id="sm-4f5">
         <name>can2ParityCheck</name>
         <value>0x14e8</value>
         <object_component_ref idref="oc-82"/>
      </symbol>
      <symbol id="sm-4f6">
         <name>het1ParityCheck</name>
         <value>0xf58</value>
         <object_component_ref idref="oc-82"/>
      </symbol>
      <symbol id="sm-4f7">
         <name>adc1ParityCheck</name>
         <value>0x126c</value>
         <object_component_ref idref="oc-82"/>
      </symbol>
      <symbol id="sm-4f8">
         <name>checkefcSelfTest</name>
         <value>0x7bc</value>
         <object_component_ref idref="oc-82"/>
      </symbol>
      <symbol id="sm-4f9">
         <name>checkRAMECC</name>
         <value>0x19d0</value>
         <object_component_ref idref="oc-82"/>
      </symbol>
      <symbol id="sm-4fa">
         <name>stcSelfCheckFail</name>
         <value>0xdf8</value>
         <object_component_ref idref="oc-82"/>
      </symbol>
      <symbol id="sm-4fb">
         <name>ccmSelfCheck</name>
         <value>0x30</value>
         <object_component_ref idref="oc-82"/>
      </symbol>
      <symbol id="sm-4fc">
         <name>efcCheck</name>
         <value>0x660</value>
         <object_component_ref idref="oc-82"/>
      </symbol>
      <symbol id="sm-4fd">
         <name>het2ParityCheck</name>
         <value>0x10c0</value>
         <object_component_ref idref="oc-82"/>
      </symbol>
      <symbol id="sm-4fe">
         <name>adc2ParityCheck</name>
         <value>0x1358</value>
         <object_component_ref idref="oc-82"/>
      </symbol>
      <symbol id="sm-4ff">
         <name>cpuSelfTest</name>
         <value>0x234</value>
         <object_component_ref idref="oc-82"/>
      </symbol>
      <symbol id="sm-500">
         <name>htu1ParityCheck</name>
         <value>0x1004</value>
         <object_component_ref idref="oc-82"/>
      </symbol>
      <symbol id="sm-501">
         <name>checkFlashECC</name>
         <value>0xd18</value>
         <object_component_ref idref="oc-82"/>
      </symbol>
      <symbol id="sm-502">
         <name>cpuSelfTestFail</name>
         <value>0xdfc</value>
         <object_component_ref idref="oc-82"/>
      </symbol>
      <symbol id="sm-503">
         <name>checkPLL1Slip</name>
         <value>0x1e8c</value>
         <object_component_ref idref="oc-82"/>
      </symbol>
      <symbol id="sm-504">
         <name>mibspi1ParityCheck</name>
         <value>0x1684</value>
         <object_component_ref idref="oc-82"/>
      </symbol>
      <symbol id="sm-505">
         <name>ccmr4GetConfigValue</name>
         <value>0x26fc</value>
         <object_component_ref idref="oc-82"/>
      </symbol>
      <symbol id="sm-506">
         <name>htu2ParityCheck</name>
         <value>0x11bc</value>
         <object_component_ref idref="oc-82"/>
      </symbol>
      <symbol id="sm-507">
         <name>pbistPortTestStatus</name>
         <value>0x608</value>
         <object_component_ref idref="oc-82"/>
      </symbol>
      <symbol id="sm-508">
         <name>checkFlashEEPROMECC</name>
         <value>0x1cf4</value>
         <object_component_ref idref="oc-82"/>
      </symbol>
      <symbol id="sm-509">
         <name>pbistGetConfigValue</name>
         <value>0x2470</value>
         <object_component_ref idref="oc-82"/>
      </symbol>
      <symbol id="sm-50a">
         <name>vimParityCheck</name>
         <value>0xe00</value>
         <object_component_ref idref="oc-82"/>
      </symbol>
      <symbol id="sm-50b">
         <name>pbistIsTestCompleted</name>
         <value>0x5a8</value>
         <object_component_ref idref="oc-82"/>
      </symbol>
      <symbol id="sm-50c">
         <name>disableParity</name>
         <value>0x2b58</value>
         <object_component_ref idref="oc-82"/>
      </symbol>
      <symbol id="sm-50d">
         <name>pbistRun</name>
         <value>0x4ac</value>
         <object_component_ref idref="oc-82"/>
      </symbol>
      <symbol id="sm-50e">
         <name>pbistFail</name>
         <value>0x23ec</value>
         <object_component_ref idref="oc-82"/>
      </symbol>
      <symbol id="sm-50f">
         <name>selftestFailNotification</name>
         <value>0x20</value>
         <object_component_ref idref="oc-82"/>
      </symbol>
      <symbol id="sm-510">
         <name>errata_PBIST_4</name>
         <value>0x276c</value>
         <object_component_ref idref="oc-82"/>
      </symbol>
      <symbol id="sm-511">
         <name>mibspi3ParityCheck</name>
         <value>0x178c</value>
         <object_component_ref idref="oc-82"/>
      </symbol>
      <symbol id="sm-512">
         <name>efcSelfTest</name>
         <value>0x794</value>
         <object_component_ref idref="oc-82"/>
      </symbol>
      <symbol id="sm-513">
         <name>checkB1RAMECC</name>
         <value>0xb28</value>
         <object_component_ref idref="oc-82"/>
      </symbol>
      <symbol id="sm-514">
         <name>pbistStop</name>
         <value>0x578</value>
         <object_component_ref idref="oc-82"/>
      </symbol>
      <symbol id="sm-515">
         <name>can3ParityCheck</name>
         <value>0x15b0</value>
         <object_component_ref idref="oc-82"/>
      </symbol>
      <symbol id="sm-516">
         <name>checkRAMAddrParity</name>
         <value>0x2050</value>
         <object_component_ref idref="oc-82"/>
      </symbol>
      <symbol id="sm-517">
         <name>mibspi5ParityCheck</name>
         <value>0x18b0</value>
         <object_component_ref idref="oc-82"/>
      </symbol>
      <symbol id="sm-518">
         <name>checkB0RAMECC</name>
         <value>0x938</value>
         <object_component_ref idref="oc-82"/>
      </symbol>
      <symbol id="sm-519">
         <name>stcGetConfigValue</name>
         <value>0x25bc</value>
         <object_component_ref idref="oc-82"/>
      </symbol>
      <symbol id="sm-51a">
         <name>pbistIsTestPassed</name>
         <value>0x5d4</value>
         <object_component_ref idref="oc-82"/>
      </symbol>
      <symbol id="sm-51b">
         <name>checkClockMonitor</name>
         <value>0x1c18</value>
         <object_component_ref idref="oc-82"/>
      </symbol>
      <symbol id="sm-51c">
         <name>fmcECCcheck</name>
         <value>0x898</value>
         <object_component_ref idref="oc-82"/>
      </symbol>
      <symbol id="sm-51d">
         <name>fmcBus2Check</name>
         <value>0x85c</value>
         <object_component_ref idref="oc-82"/>
      </symbol>
      <symbol id="sm-51e">
         <name>checkRAMUERRTest</name>
         <value>0x215c</value>
         <object_component_ref idref="oc-82"/>
      </symbol>
      <symbol id="sm-51f">
         <name>efcStuckZeroTest</name>
         <value>0x6e8</value>
         <object_component_ref idref="oc-82"/>
      </symbol>
      <symbol id="sm-520">
         <name>checkPLL2Slip</name>
         <value>0x1f8c</value>
         <object_component_ref idref="oc-82"/>
      </symbol>
      <symbol id="sm-552">
         <name>_c_int00</name>
         <value>0x687c</value>
         <object_component_ref idref="oc-1c"/>
      </symbol>
      <symbol id="sm-553">
         <name>handlePLLLockFail</name>
         <value>0x72c4</value>
         <object_component_ref idref="oc-76"/>
      </symbol>
      <symbol id="sm-602">
         <name>vimChannelMap</name>
         <value>0x3934</value>
         <object_component_ref idref="oc-3d"/>
      </symbol>
      <symbol id="sm-603">
         <name>vimInit</name>
         <value>0x3860</value>
         <object_component_ref idref="oc-3d"/>
      </symbol>
      <symbol id="sm-604">
         <name>vimEnableInterrupt</name>
         <value>0x39d8</value>
         <object_component_ref idref="oc-3d"/>
      </symbol>
      <symbol id="sm-605">
         <name>vimDisableInterrupt</name>
         <value>0x3ba0</value>
         <object_component_ref idref="oc-3d"/>
      </symbol>
      <symbol id="sm-606">
         <name>vimGetConfigValue</name>
         <value>0x3c4c</value>
         <object_component_ref idref="oc-3d"/>
      </symbol>
      <symbol id="sm-607">
         <name>vimParityErrorHandler</name>
         <value>0x65b0</value>
         <object_component_ref idref="oc-3c"/>
      </symbol>
      <symbol id="sm-662">
         <name>systemGetConfigValue</name>
         <value>0x3088</value>
         <object_component_ref idref="oc-7c"/>
      </symbol>
      <symbol id="sm-663">
         <name>trimLPO</name>
         <value>0x2d5c</value>
         <object_component_ref idref="oc-7c"/>
      </symbol>
      <symbol id="sm-664">
         <name>systemInit</name>
         <value>0x2f8c</value>
         <object_component_ref idref="oc-7c"/>
      </symbol>
      <symbol id="sm-665">
         <name>customTrimLPO</name>
         <value>0x3784</value>
         <object_component_ref idref="oc-7c"/>
      </symbol>
      <symbol id="sm-666">
         <name>tcmflashGetConfigValue</name>
         <value>0x349c</value>
         <object_component_ref idref="oc-7c"/>
      </symbol>
      <symbol id="sm-667">
         <name>sramGetConfigValue</name>
         <value>0x3648</value>
         <object_component_ref idref="oc-7c"/>
      </symbol>
      <symbol id="sm-668">
         <name>periphInit</name>
         <value>0x2e10</value>
         <object_component_ref idref="oc-7c"/>
      </symbol>
      <symbol id="sm-669">
         <name>setupFlash</name>
         <value>0x2dd0</value>
         <object_component_ref idref="oc-7c"/>
      </symbol>
      <symbol id="sm-66a">
         <name>setupPLL</name>
         <value>0x2cfc</value>
         <object_component_ref idref="oc-7c"/>
      </symbol>
      <symbol id="sm-66b">
         <name>mapClocks</name>
         <value>0x2e64</value>
         <object_component_ref idref="oc-7c"/>
      </symbol>
      <symbol id="sm-66c">
         <name>systemPowerDown</name>
         <value>0x3058</value>
         <object_component_ref idref="oc-7c"/>
      </symbol>
      <symbol id="sm-692">
         <name>floorl</name>
         <value>0x6f05</value>
         <object_component_ref idref="oc-1e4"/>
      </symbol>
      <symbol id="sm-693">
         <name>floor</name>
         <value>0x6f05</value>
         <object_component_ref idref="oc-1e4"/>
      </symbol>
      <symbol id="sm-6bb">
         <name>__TI_auto_init_nobinit_nopinit</name>
         <value>0x724d</value>
         <object_component_ref idref="oc-fb"/>
      </symbol>
      <symbol id="sm-6d0">
         <name>__TI_zero_init_nomemset</name>
         <value>0x7291</value>
         <object_component_ref idref="oc-5f"/>
      </symbol>
      <symbol id="sm-6e7">
         <name>__TI_decompress_none</name>
         <value>0x72ad</value>
         <object_component_ref idref="oc-15"/>
      </symbol>
      <symbol id="sm-70a">
         <name>__TI_decompress_lzss</name>
         <value>0x71e1</value>
         <object_component_ref idref="oc-f"/>
      </symbol>
      <symbol id="sm-715">
         <name>C$$EXIT</name>
         <value>0x72bb</value>
         <object_component_ref idref="oc-13f"/>
      </symbol>
      <symbol id="sm-716">
         <name>abort</name>
         <value>0x72bb</value>
         <object_component_ref idref="oc-13f"/>
      </symbol>
      <symbol id="sm-733">
         <name>memcpy</name>
         <value>0x70c5</value>
         <object_component_ref idref="oc-53"/>
      </symbol>
      <symbol id="sm-734">
         <name>__aeabi_memcpy</name>
         <value>0x70c5</value>
         <object_component_ref idref="oc-53"/>
      </symbol>
      <symbol id="sm-735">
         <name>__aeabi_memcpy8</name>
         <value>0x70c5</value>
         <object_component_ref idref="oc-53"/>
      </symbol>
      <symbol id="sm-736">
         <name>__aeabi_memcpy4</name>
         <value>0x70c5</value>
         <object_component_ref idref="oc-53"/>
      </symbol>
      <symbol id="sm-737">
         <name>__TI_static_base__</name>
         <value>0x0</value>
      </symbol>
      <symbol id="sm-73a">
         <name>SHT$$INIT_ARRAY$$Base</name>
         <value>0x0</value>
      </symbol>
      <symbol id="sm-73b">
         <name>SHT$$INIT_ARRAY$$Limit</name>
         <value>0x0</value>
      </symbol>
      <symbol id="sm-73c">
         <name>_system_post_cinit</name>
         <value>0x0</value>
      </symbol>
   </symbol_table>
   <title>Link successful</title>
</link_info>
